<html>
<body>
<pre>
<h1>µVision Build Log</h1>
<h2>Tool Versions:</h2>
IDE-Version: µVision V5.15
Copyright (C) 2015 ARM Ltd and ARM Germany GmbH. All rights reserved.
License Information: ECE IT McGill McGill University Flex license: MDK-ARM Professional: 100 user(s) (mdk_pro) Operation stops: 27 Aug 2018
 
Tool Versions:
Toolchain:       MDK-ARM Professional: 100 user(s)  Version: 5.15.0
Toolchain Path:  C:\Keil_v5\ARM\ARMCC\Bin
C Compiler:      Armcc.exe V5.05 update 2 (build 169)
Assembler:       Armasm.exe V5.05 update 2 (build 169)
Linker/Locator:  ArmLink.exe V5.05 update 2 (build 169)
Library Manager: ArmAr.exe V5.05 update 2 (build 169)
Hex Converter:   FromElf.exe V5.05 update 2 (build 169)
CPU DLL:         SARMCM3.DLL V5.15.0
Dialog DLL:      DCM.DLL V1.13.2.0
Target DLL:      STLink\ST-LINKIII-KEIL_SWO.dll V2.0.15.0_KEIL
Dialog DLL:      TCM.DLL V1.14.5.0
 
<h2>Project:</h2>
C:\microp\project\discovery_new\MDK-ARM\discovery.uvprojx
Project File Date:  04/11/2018

<h2>Output:</h2>
*** Using Compiler 'V5.05 update 2 (build 169)', folder: 'C:\Keil_v5\ARM\ARMCC\Bin'
Build Project 'discovery' - Target 'discovery'
compiling spi.c...
compiling stm32f4xx_hal_timebase_TIM.c...
compiling main.c...
compiling gpio.c...
compiling stm32f4xx_hal_msp.c...
compiling freertos.c...
compiling tim.c...
compiling dma.c...
compiling usart.c...
compiling stm32f4xx_it.c...
compiling adc.c...
compiling fput_debug.c...
compiling fsm.c...
compiling LIS3DSH.c...
C:\microp\project\discovery_new\Src\LIS3DSH.c(369): warning:  #1035-D: single-precision operand implicitly converted to double-precision
          *out =(float)(
IS3DSH_SENSITIVITY_2G * (float)aggregateResult);
C:\microp\project\discovery_new\Src\LIS3DSH.c(379): warning:  #1035-D: single-precision operand implicitly converted to double-precision
          *out =(float)(
IS3DSH_SENSITIVITY_4G * (float)aggregateResult);
C:\microp\project\discovery_new\Src\LIS3DSH.c(389): warning:  #1035-D: single-precision operand implicitly converted to double-precision
          *out =(float)(
IS3DSH_SENSITIVITY_6G * (float)aggregateResult);
C:\microp\project\discovery_new\Src\LIS3DSH.c(399): warning:  #1035-D: single-precision operand implicitly converted to double-precision
          *out =(float)(
IS3DSH_SENSITIVITY_8G * (float)aggregateResult);
C:\microp\project\discovery_new\Src\LIS3DSH.c(409): warning:  #1035-D: single-precision operand implicitly converted to double-precision
          *out =(float)(
IS3DSH_SENSITIVITY_16G * (float)aggregateResult);
..\Src\LIS3DSH.c: 5 warnings, 0 errors
compiling heap_4.c...
compiling croutine.c...
compiling cmsis_os.c...
compiling list.c...
compiling port.c...
compiling event_groups.c...
compiling queue.c...
compiling timers.c...
compiling tasks.c...
compiling stm32f4xx_hal.c...
compiling stm32f4xx_hal_tim.c...
compiling stm32f4xx_hal_rcc.c...
compiling stm32f4xx_hal_pwr.c...
compiling stm32f4xx_hal_dma.c...
compiling stm32f4xx_hal_spi.c...
compiling stm32f4xx_hal_flash_ramfunc.c...
compiling stm32f4xx_hal_adc_ex.c...
compiling stm32f4xx_hal_adc.c...
compiling stm32f4xx_hal_uart.c...
compiling stm32f4xx_hal_dma_ex.c...
compiling stm32f4xx_hal_flash.c...
compiling stm32f4xx_hal_gpio.c...
compiling stm32f4xx_hal_tim_ex.c...
compiling stm32f4xx_hal_flash_ex.c...
compiling stm32f4xx_hal_cortex.c...
compiling stm32f4xx_hal_pwr_ex.c...
compiling stm32f4xx_hal_rcc_ex.c...
compiling system_stm32f4xx.c...
linking...
Program Size: Code=17488 RO-data=652 RW-data=136 ZI-data=81152  
"discovery\discovery.axf" - 0 Error(s), 5 Warning(s).

<h2>Software Packages used:</h2>

Package Vendor: ARM
                http://www.keil.com/pack/ARM.CMSIS.5.2.0.pack
                ARM::CMSIS:CORE:5.0.2
                CMSIS (Cortex Microcontroller Software Interface Standard)
   * Component: CORE Version: 5.0.2

<h2>Collection of Component include folders:</h2>
  C:\microp\project\discovery_new\MDK-ARM\RTE
  C:\Keil_v5\ARM\PACK\ARM\CMSIS\5.2.0\CMSIS\Include
  C:\Keil_v5\ARM\PACK\Keil\STM32F4xx_DFP\2.11.0\Drivers\CMSIS\Device\ST\STM32F4xx\Include

<h2>Collection of Component Files used:</h2>

   * Component: ARM::CMSIS:CORE:5.0.2
</pre>
</body>
</html>
