Component: ARM Compiler 5.06 update 5 (build 528) Tool: armlink [4d35e2]

==============================================================================

Section Cross References

    startup_stm32f407xx.o(RESET) refers to startup_stm32f407xx.o(STACK) for __initial_sp
    startup_stm32f407xx.o(RESET) refers to startup_stm32f407xx.o(.text) for Reset_Handler
    startup_stm32f407xx.o(RESET) refers to stm32f4xx_it.o(i.NMI_Handler) for NMI_Handler
    startup_stm32f407xx.o(RESET) refers to stm32f4xx_it.o(i.HardFault_Handler) for HardFault_Handler
    startup_stm32f407xx.o(RESET) refers to stm32f4xx_it.o(i.MemManage_Handler) for MemManage_Handler
    startup_stm32f407xx.o(RESET) refers to stm32f4xx_it.o(i.BusFault_Handler) for BusFault_Handler
    startup_stm32f407xx.o(RESET) refers to stm32f4xx_it.o(i.UsageFault_Handler) for UsageFault_Handler
    startup_stm32f407xx.o(RESET) refers to stm32f4xx_it.o(i.SVC_Handler) for SVC_Handler
    startup_stm32f407xx.o(RESET) refers to stm32f4xx_it.o(i.DebugMon_Handler) for DebugMon_Handler
    startup_stm32f407xx.o(RESET) refers to stm32f4xx_it.o(i.PendSV_Handler) for PendSV_Handler
    startup_stm32f407xx.o(RESET) refers to stm32f4xx_it.o(i.SysTick_Handler) for SysTick_Handler
    startup_stm32f407xx.o(RESET) refers to stm32f4xx_it.o(i.EXTI0_IRQHandler) for EXTI0_IRQHandler
    startup_stm32f407xx.o(RESET) refers to stm32f4xx_it.o(i.ADC_IRQHandler) for ADC_IRQHandler
    startup_stm32f407xx.o(RESET) refers to stm32f4xx_it.o(i.TIM2_IRQHandler) for TIM2_IRQHandler
    startup_stm32f407xx.o(RESET) refers to stm32f4xx_it.o(i.TIM3_IRQHandler) for TIM3_IRQHandler
    startup_stm32f407xx.o(RESET) refers to stm32f4xx_it.o(i.DMA2_Stream0_IRQHandler) for DMA2_Stream0_IRQHandler
    startup_stm32f407xx.o(.text) refers to system_stm32f4xx.o(i.SystemInit) for SystemInit
    startup_stm32f407xx.o(.text) refers to entry.o(.ARM.Collect$$$$00000000) for __main
    stm32f4xx_hal_rcc.o(i.HAL_RCC_ClockConfig) refers to stm32f4xx_hal.o(i.HAL_GetTick) for HAL_GetTick
    stm32f4xx_hal_rcc.o(i.HAL_RCC_ClockConfig) refers to stm32f4xx_hal_rcc.o(i.HAL_RCC_GetSysClockFreq) for HAL_RCC_GetSysClockFreq
    stm32f4xx_hal_rcc.o(i.HAL_RCC_ClockConfig) refers to stm32f4xx_hal.o(i.HAL_InitTick) for HAL_InitTick
    stm32f4xx_hal_rcc.o(i.HAL_RCC_ClockConfig) refers to system_stm32f4xx.o(.constdata) for AHBPrescTable
    stm32f4xx_hal_rcc.o(i.HAL_RCC_ClockConfig) refers to system_stm32f4xx.o(.data) for SystemCoreClock
    stm32f4xx_hal_rcc.o(i.HAL_RCC_GetHCLKFreq) refers to system_stm32f4xx.o(.data) for SystemCoreClock
    stm32f4xx_hal_rcc.o(i.HAL_RCC_GetPCLK1Freq) refers to system_stm32f4xx.o(.data) for SystemCoreClock
    stm32f4xx_hal_rcc.o(i.HAL_RCC_GetPCLK1Freq) refers to system_stm32f4xx.o(.constdata) for APBPrescTable
    stm32f4xx_hal_rcc.o(i.HAL_RCC_GetPCLK2Freq) refers to system_stm32f4xx.o(.data) for SystemCoreClock
    stm32f4xx_hal_rcc.o(i.HAL_RCC_GetPCLK2Freq) refers to system_stm32f4xx.o(.constdata) for APBPrescTable
    stm32f4xx_hal_rcc.o(i.HAL_RCC_GetSysClockFreq) refers to uldiv.o(.text) for __aeabi_uldivmod
    stm32f4xx_hal_rcc.o(i.HAL_RCC_MCOConfig) refers to stm32f4xx_hal_gpio.o(i.HAL_GPIO_Init) for HAL_GPIO_Init
    stm32f4xx_hal_rcc.o(i.HAL_RCC_NMI_IRQHandler) refers to stm32f4xx_hal_rcc.o(i.HAL_RCC_CSSCallback) for HAL_RCC_CSSCallback
    stm32f4xx_hal_rcc.o(i.HAL_RCC_OscConfig) refers to stm32f4xx_hal.o(i.HAL_GetTick) for HAL_GetTick
    stm32f4xx_hal_adc_ex.o(i.ADC_MultiModeDMAConvCplt) refers to main.o(i.HAL_ADC_ConvCpltCallback) for HAL_ADC_ConvCpltCallback
    stm32f4xx_hal_adc_ex.o(i.ADC_MultiModeDMAError) refers to stm32f4xx_hal_adc.o(i.HAL_ADC_ErrorCallback) for HAL_ADC_ErrorCallback
    stm32f4xx_hal_adc_ex.o(i.ADC_MultiModeDMAHalfConvCplt) refers to main.o(i.HAL_ADC_ConvHalfCpltCallback) for HAL_ADC_ConvHalfCpltCallback
    stm32f4xx_hal_adc_ex.o(i.HAL_ADCEx_InjectedPollForConversion) refers to stm32f4xx_hal.o(i.HAL_GetTick) for HAL_GetTick
    stm32f4xx_hal_adc_ex.o(i.HAL_ADCEx_InjectedStart) refers to system_stm32f4xx.o(.data) for SystemCoreClock
    stm32f4xx_hal_adc_ex.o(i.HAL_ADCEx_InjectedStart_IT) refers to system_stm32f4xx.o(.data) for SystemCoreClock
    stm32f4xx_hal_adc_ex.o(i.HAL_ADCEx_MultiModeStart_DMA) refers to stm32f4xx_hal_dma.o(i.HAL_DMA_Start_IT) for HAL_DMA_Start_IT
    stm32f4xx_hal_adc_ex.o(i.HAL_ADCEx_MultiModeStart_DMA) refers to system_stm32f4xx.o(.data) for SystemCoreClock
    stm32f4xx_hal_adc_ex.o(i.HAL_ADCEx_MultiModeStart_DMA) refers to stm32f4xx_hal_adc_ex.o(i.ADC_MultiModeDMAConvCplt) for ADC_MultiModeDMAConvCplt
    stm32f4xx_hal_adc_ex.o(i.HAL_ADCEx_MultiModeStart_DMA) refers to stm32f4xx_hal_adc_ex.o(i.ADC_MultiModeDMAHalfConvCplt) for ADC_MultiModeDMAHalfConvCplt
    stm32f4xx_hal_adc_ex.o(i.HAL_ADCEx_MultiModeStart_DMA) refers to stm32f4xx_hal_adc_ex.o(i.ADC_MultiModeDMAError) for ADC_MultiModeDMAError
[...]
    Removing stm32f4xx_hal_tim.o(i.TIM_DMAError), (16 bytes).
    Removing stm32f4xx_hal_tim.o(i.TIM_DMAPeriodElapsedCplt), (16 bytes).
    Removing stm32f4xx_hal_tim.o(i.TIM_DMATriggerCplt), (16 bytes).
    Removing stm32f4xx_hal_tim.o(i.TIM_SlaveTimer_SetConfig), (124 bytes).
    Removing stm32f4xx_hal_tim.o(i.TIM_TI1_SetConfig), (132 bytes).
    Removing stm32f4xx_hal_tim.o(i.TIM_TI2_SetConfig), (54 bytes).
    Removing stm32f4xx_hal_rcc_ex.o(.rev16_text), (4 bytes).
    Removing stm32f4xx_hal_rcc_ex.o(.revsh_text), (4 bytes).
    Removing stm32f4xx_hal_rcc_ex.o(.rrx_text), (6 bytes).
    Removing stm32f4xx_hal_rcc_ex.o(i.HAL_RCCEx_DisablePLLI2S), (52 bytes).
    Removing stm32f4xx_hal_rcc_ex.o(i.HAL_RCCEx_EnablePLLI2S), (104 bytes).
    Removing stm32f4xx_hal_rcc_ex.o(i.HAL_RCCEx_GetPeriphCLKConfig), (52 bytes).
    Removing stm32f4xx_hal_rcc_ex.o(i.HAL_RCCEx_GetPeriphCLKFreq), (92 bytes).
    Removing stm32f4xx_hal_rcc_ex.o(i.HAL_RCCEx_PeriphCLKConfig), (316 bytes).
    Removing stm32f4xx_hal_rcc_ex.o(i.HAL_RCC_DeInit), (304 bytes).
    Removing stm32f4xx_hal_gpio.o(.rev16_text), (4 bytes).
    Removing stm32f4xx_hal_gpio.o(.revsh_text), (4 bytes).
    Removing stm32f4xx_hal_gpio.o(.rrx_text), (6 bytes).
    Removing stm32f4xx_hal_gpio.o(i.HAL_GPIO_DeInit), (328 bytes).
    Removing stm32f4xx_hal_gpio.o(i.HAL_GPIO_EXTI_Callback), (2 bytes).
    Removing stm32f4xx_hal_gpio.o(i.HAL_GPIO_LockPin), (34 bytes).
    Removing stm32f4xx_hal_gpio.o(i.HAL_GPIO_TogglePin), (8 bytes).
    Removing stm32f4xx_hal_adc.o(.rev16_text), (4 bytes).
    Removing stm32f4xx_hal_adc.o(.revsh_text), (4 bytes).
    Removing stm32f4xx_hal_adc.o(.rrx_text), (6 bytes).
    Removing stm32f4xx_hal_adc.o(i.ADC_DMAConvCplt), (98 bytes).
    Removing stm32f4xx_hal_adc.o(i.ADC_DMAError), (22 bytes).
    Removing stm32f4xx_hal_adc.o(i.ADC_DMAHalfConvCplt), (10 bytes).
    Removing stm32f4xx_hal_adc.o(i.HAL_ADC_AnalogWDGConfig), (112 bytes).
    Removing stm32f4xx_hal_adc.o(i.HAL_ADC_ConvCpltCallback), (2 bytes).
    Removing stm32f4xx_hal_adc.o(i.HAL_ADC_ConvHalfCpltCallback), (2 bytes).
    Removing stm32f4xx_hal_adc.o(i.HAL_ADC_DeInit), (60 bytes).
    Removing stm32f4xx_hal_adc.o(i.HAL_ADC_GetError), (4 bytes).
    Removing stm32f4xx_hal_adc.o(i.HAL_ADC_GetState), (4 bytes).
    Removing stm32f4xx_hal_adc.o(i.HAL_ADC_GetValue), (6 bytes).
    Removing stm32f4xx_hal_adc.o(i.HAL_ADC_MspDeInit), (2 bytes).
    Removing stm32f4xx_hal_adc.o(i.HAL_ADC_MspInit), (2 bytes).
    Removing stm32f4xx_hal_adc.o(i.HAL_ADC_PollForConversion), (162 bytes).
    Removing stm32f4xx_hal_adc.o(i.HAL_ADC_PollForEvent), (108 bytes).
    Removing stm32f4xx_hal_adc.o(i.HAL_ADC_Start), (188 bytes).
    Removing stm32f4xx_hal_adc.o(i.HAL_ADC_Start_DMA), (256 bytes).
    Removing stm32f4xx_hal_adc.o(i.HAL_ADC_Start_IT), (200 bytes).
    Removing stm32f4xx_hal_adc.o(i.HAL_ADC_Stop), (60 bytes).
    Removing stm32f4xx_hal_adc.o(i.HAL_ADC_Stop_DMA), (88 bytes).
    Removing stm32f4xx_hal_adc.o(i.HAL_ADC_Stop_IT), (72 bytes).
    Removing stm32f4xx_hal.o(.rev16_text), (4 bytes).
    Removing stm32f4xx_hal.o(.revsh_text), (4 bytes).
    Removing stm32f4xx_hal.o(.rrx_text), (6 bytes).
    Removing stm32f4xx_hal.o(i.HAL_DBGMCU_DisableDBGSleepMode), (16 bytes).
    Removing stm32f4xx_hal.o(i.HAL_DBGMCU_DisableDBGStandbyMode), (16 bytes).
    Removing stm32f4xx_hal.o(i.HAL_DBGMCU_DisableDBGStopMode), (16 bytes).
    Removing stm32f4xx_hal.o(i.HAL_DBGMCU_EnableDBGSleepMode), (16 bytes).
    Removing stm32f4xx_hal.o(i.HAL_DBGMCU_EnableDBGStandbyMode), (16 bytes).
    Removing stm32f4xx_hal.o(i.HAL_DBGMCU_EnableDBGStopMode), (16 bytes).
    Removing stm32f4xx_hal.o(i.HAL_DeInit), (52 bytes).
    Removing stm32f4xx_hal.o(i.HAL_Delay), (36 bytes).
    Removing stm32f4xx_hal.o(i.HAL_DisableCompensationCell), (12 bytes).
    Removing stm32f4xx_hal.o(i.HAL_EnableCompensationCell), (12 bytes).
    Removing stm32f4xx_hal.o(i.HAL_GetDEVID), (16 bytes).
    Removing stm32f4xx_hal.o(i.HAL_GetHalVersion), (8 bytes).
    Removing stm32f4xx_hal.o(i.HAL_GetREVID), (12 bytes).
    Removing stm32f4xx_hal.o(i.HAL_GetTickFreq), (12 bytes).
    Removing stm32f4xx_hal.o(i.HAL_GetTickPrio), (12 bytes).
    Removing stm32f4xx_hal.o(i.HAL_GetUID), (28 bytes).
    Removing stm32f4xx_hal.o(i.HAL_MspDeInit), (2 bytes).
    Removing stm32f4xx_hal.o(i.HAL_MspInit), (2 bytes).
    Removing stm32f4xx_hal.o(i.HAL_ResumeTick), (14 bytes).
    Removing stm32f4xx_hal.o(i.HAL_SetTickFreq), (28 bytes).
    Removing stm32f4xx_hal.o(i.HAL_SuspendTick), (14 bytes).
    Removing stm32f4xx_hal_flash_ex.o(.rev16_text), (4 bytes).
    Removing stm32f4xx_hal_flash_ex.o(.revsh_text), (4 bytes).
    Removing stm32f4xx_hal_flash_ex.o(.rrx_text), (6 bytes).
    Removing stm32f4xx_hal_flash_ex.o(i.FLASH_Erase_Sector), (80 bytes).
    Removing stm32f4xx_hal_flash_ex.o(i.FLASH_FlushCaches), (84 bytes).
    Removing stm32f4xx_hal_flash_ex.o(i.FLASH_MassErase), (40 bytes).
    Removing stm32f4xx_hal_flash_ex.o(i.HAL_FLASHEx_Erase), (152 bytes).
    Removing stm32f4xx_hal_flash_ex.o(i.HAL_FLASHEx_Erase_IT), (104 bytes).
    Removing stm32f4xx_hal_flash_ex.o(i.HAL_FLASHEx_OBGetConfig), (64 bytes).
    Removing stm32f4xx_hal_flash_ex.o(i.HAL_FLASHEx_OBProgram), (204 bytes).
    Removing stm32f4xx_hal_pwr.o(.rev16_text), (4 bytes).
    Removing stm32f4xx_hal_pwr.o(.revsh_text), (4 bytes).
    Removing stm32f4xx_hal_pwr.o(.rrx_text), (6 bytes).
    Removing stm32f4xx_hal_pwr.o(i.HAL_PWR_ConfigPVD), (124 bytes).
    Removing stm32f4xx_hal_pwr.o(i.HAL_PWR_DeInit), (24 bytes).
    Removing stm32f4xx_hal_pwr.o(i.HAL_PWR_DisableBkUpAccess), (12 bytes).
    Removing stm32f4xx_hal_pwr.o(i.HAL_PWR_DisablePVD), (12 bytes).
    Removing stm32f4xx_hal_pwr.o(i.HAL_PWR_DisableSEVOnPend), (16 bytes).
    Removing stm32f4xx_hal_pwr.o(i.HAL_PWR_DisableSleepOnExit), (16 bytes).
    Removing stm32f4xx_hal_pwr.o(i.HAL_PWR_DisableWakeUpPin), (16 bytes).
    Removing stm32f4xx_hal_pwr.o(i.HAL_PWR_EnableBkUpAccess), (12 bytes).
    Removing stm32f4xx_hal_pwr.o(i.HAL_PWR_EnablePVD), (12 bytes).
    Removing stm32f4xx_hal_pwr.o(i.HAL_PWR_EnableSEVOnPend), (16 bytes).
    Removing stm32f4xx_hal_pwr.o(i.HAL_PWR_EnableSleepOnExit), (16 bytes).
    Removing stm32f4xx_hal_pwr.o(i.HAL_PWR_EnableWakeUpPin), (16 bytes).
    Removing stm32f4xx_hal_pwr.o(i.HAL_PWR_EnterSLEEPMode), (32 bytes).
    Removing stm32f4xx_hal_pwr.o(i.HAL_PWR_EnterSTANDBYMode), (32 bytes).
    Removing stm32f4xx_hal_pwr.o(i.HAL_PWR_EnterSTOPMode), (56 bytes).
    Removing stm32f4xx_hal_pwr.o(i.HAL_PWR_PVDCallback), (2 bytes).
    Removing stm32f4xx_hal_pwr.o(i.HAL_PWR_PVD_IRQHandler), (28 bytes).
    Removing stm32f4xx_hal_pwr_ex.o(.rev16_text), (4 bytes).
    Removing stm32f4xx_hal_pwr_ex.o(.revsh_text), (4 bytes).
    Removing stm32f4xx_hal_pwr_ex.o(.rrx_text), (6 bytes).
    Removing stm32f4xx_hal_pwr_ex.o(i.HAL_PWREx_ControlVoltageScaling), (88 bytes).
    Removing stm32f4xx_hal_pwr_ex.o(i.HAL_PWREx_DisableBkUpReg), (60 bytes).
    Removing stm32f4xx_hal_pwr_ex.o(i.HAL_PWREx_DisableFlashPowerDown), (12 bytes).
    Removing stm32f4xx_hal_pwr_ex.o(i.HAL_PWREx_EnableBkUpReg), (60 bytes).
    Removing stm32f4xx_hal_pwr_ex.o(i.HAL_PWREx_EnableFlashPowerDown), (12 bytes).
    Removing stm32f4xx_hal_pwr_ex.o(i.HAL_PWREx_GetVoltageRange), (16 bytes).
    Removing stm32f4xx_hal_dma.o(.rev16_text), (4 bytes).
    Removing stm32f4xx_hal_dma.o(.revsh_text), (4 bytes).
    Removing stm32f4xx_hal_dma.o(.rrx_text), (6 bytes).
    Removing stm32f4xx_hal_dma.o(i.DMA_SetConfig), (40 bytes).
    Removing stm32f4xx_hal_dma.o(i.HAL_DMA_Abort), (142 bytes).
    Removing stm32f4xx_hal_dma.o(i.HAL_DMA_Abort_IT), (36 bytes).
    Removing stm32f4xx_hal_dma.o(i.HAL_DMA_DeInit), (86 bytes).
    Removing stm32f4xx_hal_dma.o(i.HAL_DMA_GetError), (4 bytes).
    Removing stm32f4xx_hal_dma.o(i.HAL_DMA_GetState), (6 bytes).
    Removing stm32f4xx_hal_dma.o(i.HAL_DMA_PollForTransfer), (292 bytes).
    Removing stm32f4xx_hal_dma.o(i.HAL_DMA_RegisterCallback), (80 bytes).
    Removing stm32f4xx_hal_dma.o(i.HAL_DMA_Start), (70 bytes).
    Removing stm32f4xx_hal_dma.o(i.HAL_DMA_Start_IT), (120 bytes).
    Removing stm32f4xx_hal_dma.o(i.HAL_DMA_UnRegisterCallback), (96 bytes).
    Removing stm32f4xx_hal_cortex.o(.rev16_text), (4 bytes).
    Removing stm32f4xx_hal_cortex.o(.revsh_text), (4 bytes).
    Removing stm32f4xx_hal_cortex.o(.rrx_text), (6 bytes).
    Removing stm32f4xx_hal_cortex.o(i.HAL_MPU_ConfigRegion), (84 bytes).
    Removing stm32f4xx_hal_cortex.o(i.HAL_MPU_Disable), (28 bytes).
    Removing stm32f4xx_hal_cortex.o(i.HAL_MPU_Enable), (36 bytes).
    Removing stm32f4xx_hal_cortex.o(i.HAL_NVIC_ClearPendingIRQ), (22 bytes).
    Removing stm32f4xx_hal_cortex.o(i.HAL_NVIC_DisableIRQ), (22 bytes).
    Removing stm32f4xx_hal_cortex.o(i.HAL_NVIC_GetActive), (32 bytes).
    Removing stm32f4xx_hal_cortex.o(i.HAL_NVIC_GetPendingIRQ), (32 bytes).
    Removing stm32f4xx_hal_cortex.o(i.HAL_NVIC_GetPriority), (82 bytes).
    Removing stm32f4xx_hal_cortex.o(i.HAL_NVIC_GetPriorityGrouping), (16 bytes).
    Removing stm32f4xx_hal_cortex.o(i.HAL_NVIC_SetPendingIRQ), (22 bytes).
    Removing stm32f4xx_hal_cortex.o(i.HAL_NVIC_SystemReset), (36 bytes).
    Removing main.o(.rev16_text), (4 bytes).
    Removing main.o(.revsh_text), (4 bytes).
    Removing main.o(.rrx_text), (6 bytes).
    Removing main.o(i.HAL_ADC_ConvHalfCpltCallback), (52 bytes).
    Removing main.o(i.TIM_DMAPeriodElapsedCplt), (44 bytes).
    Removing main.o(.constdata), (4 bytes).
    Removing stm32f4xx_hal_msp.o(.rev16_text), (4 bytes).
    Removing stm32f4xx_hal_msp.o(.revsh_text), (4 bytes).
    Removing stm32f4xx_hal_msp.o(.rrx_text), (6 bytes).
    Removing stm32f4xx_hal_msp.o(i.HAL_ADC_MspDeInit), (60 bytes).
    Removing stm32f4xx_hal_msp.o(i.HAL_DAC_MspDeInit), (40 bytes).
    Removing stm32f4xx_hal_msp.o(i.HAL_TIM_Base_MspDeInit), (56 bytes).
    Removing stm32f4xx_it.o(.rev16_text), (4 bytes).
    Removing stm32f4xx_it.o(.revsh_text), (4 bytes).
    Removing stm32f4xx_it.o(.rrx_text), (6 bytes).
    Removing keypad.o(i.add_new_digit), (8 bytes).
    Removing keypad.o(i.make_float_from_last_two_digits), (12 bytes).
    Removing fput_debug.o(.rev16_text), (4 bytes).
    Removing fput_debug.o(.revsh_text), (4 bytes).
    Removing fput_debug.o(.rrx_text), (6 bytes).
    Removing system_stm32f4xx.o(.rev16_text), (4 bytes).
    Removing system_stm32f4xx.o(.revsh_text), (4 bytes).
    Removing system_stm32f4xx.o(.rrx_text), (6 bytes).
    Removing system_stm32f4xx.o(i.SystemCoreClockUpdate), (120 bytes).
    Removing system_stm32f4xx.o(.constdata), (8 bytes).

377 unused section(s) (total 22714 bytes) removed from the image.

==============================================================================

Image Symbol Table

    Local Symbols

    Symbol Name                              Value     Ov Type        Size  Object(Section)

    ../Drivers/STM32F4xx_HAL_Driver/Src/stm32f4xx_hal.c 0x00000000   Number         0  stm32f4xx_hal.o ABSOLUTE
    ../Drivers/STM32F4xx_HAL_Driver/Src/stm32f4xx_hal_adc.c 0x00000000   Number         0  stm32f4xx_hal_adc.o ABSOLUTE
    ../Drivers/STM32F4xx_HAL_Driver/Src/stm32f4xx_hal_adc_ex.c 0x00000000   Number         0  stm32f4xx_hal_adc_ex.o ABSOLUTE
    ../Drivers/STM32F4xx_HAL_Driver/Src/stm32f4xx_hal_cortex.c 0x00000000   Number         0  stm32f4xx_hal_cortex.o ABSOLUTE
    ../Drivers/STM32F4xx_HAL_Driver/Src/stm32f4xx_hal_dac.c 0x00000000   Number         0  stm32f4xx_hal_dac.o ABSOLUTE
    ../Drivers/STM32F4xx_HAL_Driver/Src/stm32f4xx_hal_dac_ex.c 0x00000000   Number         0  stm32f4xx_hal_dac_ex.o ABSOLUTE
    ../Drivers/STM32F4xx_HAL_Driver/Src/stm32f4xx_hal_dma.c 0x00000000   Number         0  stm32f4xx_hal_dma.o ABSOLUTE
    ../Drivers/STM32F4xx_HAL_Driver/Src/stm32f4xx_hal_dma_ex.c 0x00000000   Number         0  stm32f4xx_hal_dma_ex.o ABSOLUTE
    ../Drivers/STM32F4xx_HAL_Driver/Src/stm32f4xx_hal_flash.c 0x00000000   Number         0  stm32f4xx_hal_flash.o ABSOLUTE
    ../Drivers/STM32F4xx_HAL_Driver/Src/stm32f4xx_hal_flash_ex.c 0x00000000   Number         0  stm32f4xx_hal_flash_ex.o ABSOLUTE
    ../Drivers/STM32F4xx_HAL_Driver/Src/stm32f4xx_hal_flash_ramfunc.c 0x00000000   Number         0  stm32f4xx_hal_flash_ramfunc.o ABSOLUTE
    ../Drivers/STM32F4xx_HAL_Driver/Src/stm32f4xx_hal_gpio.c 0x00000000   Number         0  stm32f4xx_hal_gpio.o ABSOLUTE
    ../Drivers/STM32F4xx_HAL_Driver/Src/stm32f4xx_hal_pwr.c 0x00000000   Number         0  stm32f4xx_hal_pwr.o ABSOLUTE
    ../Drivers/STM32F4xx_HAL_Driver/Src/stm32f4xx_hal_pwr_ex.c 0x00000000   Number         0  stm32f4xx_hal_pwr_ex.o ABSOLUTE
    ../Drivers/STM32F4xx_HAL_Driver/Src/stm32f4xx_hal_rcc.c 0x00000000   Number         0  stm32f4xx_hal_rcc.o ABSOLUTE
    ../Drivers/STM32F4xx_HAL_Driver/Src/stm32f4xx_hal_rcc_ex.c 0x00000000   Number         0  stm32f4xx_hal_rcc_ex.o ABSOLUTE
    ../Drivers/STM32F4xx_HAL_Driver/Src/stm32f4xx_hal_tim.c 0x00000000   Number         0  stm32f4xx_hal_tim.o ABSOLUTE
    ../Drivers/STM32F4xx_HAL_Driver/Src/stm32f4xx_hal_tim_ex.c 0x00000000   Number         0  stm32f4xx_hal_tim_ex.o ABSOLUTE
    ../Src/main.c                            0x00000000   Number         0  main.o ABSOLUTE
    ../Src/stm32f4xx_hal_msp.c               0x00000000   Number         0  stm32f4xx_hal_msp.o ABSOLUTE
    ../Src/stm32f4xx_it.c                    0x00000000   Number         0  stm32f4xx_it.o ABSOLUTE
    ../Src/system_stm32f4xx.c                0x00000000   Number         0  system_stm32f4xx.o ABSOLUTE
    ../clib/microlib/division.c              0x00000000   Number         0  uldiv.o ABSOLUTE
    ../clib/microlib/division.c              0x00000000   Number         0  uidiv.o ABSOLUTE
    ../clib/microlib/init/entry.s            0x00000000   Number         0  entry.o ABSOLUTE
    ../clib/microlib/init/entry.s            0x00000000   Number         0  entry2.o ABSOLUTE
    ../clib/microlib/init/entry.s            0x00000000   Number         0  entry5.o ABSOLUTE
    ../clib/microlib/init/entry.s            0x00000000   Number         0  entry7a.o ABSOLUTE
    ../clib/microlib/init/entry.s            0x00000000   Number         0  entry10a.o ABSOLUTE
    ../clib/microlib/init/entry.s            0x00000000   Number         0  entry7b.o ABSOLUTE
    ../clib/microlib/init/entry.s            0x00000000   Number         0  entry8a.o ABSOLUTE
    ../clib/microlib/init/entry.s            0x00000000   Number         0  entry11b.o ABSOLUTE
    ../clib/microlib/init/entry.s            0x00000000   Number         0  entry11a.o ABSOLUTE
    ../clib/microlib/init/entry.s            0x00000000   Number         0  entry8b.o ABSOLUTE
    ../clib/microlib/init/entry.s            0x00000000   Number         0  entry10b.o ABSOLUTE
    ../clib/microlib/init/entry.s            0x00000000   Number         0  entry9a.o ABSOLUTE
    ../clib/microlib/init/entry.s            0x00000000   Number         0  entry9b.o ABSOLUTE
    ../clib/microlib/longlong.c              0x00000000   Number         0  llshl.o ABSOLUTE
    ../clib/microlib/longlong.c              0x00000000   Number         0  llushr.o ABSOLUTE
    ../clib/microlib/longlong.c              0x00000000   Number         0  llsshr.o ABSOLUTE
    ../clib/microlib/printf/printf.c         0x00000000   Number         0  printf8.o ABSOLUTE
    ../clib/microlib/printf/printf.c         0x00000000   Number         0  printfa.o ABSOLUTE
    ../clib/microlib/printf/printf.c         0x00000000   Number         0  printfb.o ABSOLUTE
    ../clib/microlib/printf/printf.c         0x00000000   Number         0  printf7.o ABSOLUTE
    ../clib/microlib/printf/printf.c         0x00000000   Number         0  printf6.o ABSOLUTE
    ../clib/microlib/printf/printf.c         0x00000000   Number         0  printf5.o ABSOLUTE
    ../clib/microlib/printf/printf.c         0x00000000   Number         0  printf4.o ABSOLUTE
    ../clib/microlib/printf/printf.c         0x00000000   Number         0  printf3.o ABSOLUTE
    ../clib/microlib/printf/printf.c         0x00000000   Number         0  printf2.o ABSOLUTE
    ../clib/microlib/printf/printf.c         0x00000000   Number         0  printf1.o ABSOLUTE
    ../clib/microlib/printf/printf.c         0x00000000   Number         0  printf0.o ABSOLUTE
    ../clib/microlib/printf/stubs.s          0x00000000   Number         0  stubs.o ABSOLUTE
    ../clib/microlib/stdio/streams.c         0x00000000   Number         0  stdout.o ABSOLUTE
    ../clib/microlib/stubs.s                 0x00000000   Number         0  iusefp.o ABSOLUTE
    ../fplib/microlib/d2f.c                  0x00000000   Number         0  d2f.o ABSOLUTE
    ../fplib/microlib/f2d.c                  0x00000000   Number         0  f2d.o ABSOLUTE
    ../fplib/microlib/fpadd.c                0x00000000   Number         0  dadd.o ABSOLUTE
    ../fplib/microlib/fpdiv.c                0x00000000   Number         0  ddiv.o ABSOLUTE
    ../fplib/microlib/fpepilogue.c           0x00000000   Number         0  depilogue.o ABSOLUTE
    ../fplib/microlib/fpepilogue.c           0x00000000   Number         0  fepilogue.o ABSOLUTE
    ../fplib/microlib/fpfix.c                0x00000000   Number         0  dfixul.o ABSOLUTE
    ../fplib/microlib/fpflt.c                0x00000000   Number         0  dflti.o ABSOLUTE
    ../fplib/microlib/fpmul.c                0x00000000   Number         0  dmul.o ABSOLUTE
    ..\Drivers\STM32F4xx_HAL_Driver\Src\stm32f4xx_hal.c 0x00000000   Number         0  stm32f4xx_hal.o ABSOLUTE
    ..\Drivers\STM32F4xx_HAL_Driver\Src\stm32f4xx_hal_adc.c 0x00000000   Number         0  stm32f4xx_hal_adc.o ABSOLUTE
    ..\Drivers\STM32F4xx_HAL_Driver\Src\stm32f4xx_hal_adc_ex.c 0x00000000   Number         0  stm32f4xx_hal_adc_ex.o ABSOLUTE
    ..\Drivers\STM32F4xx_HAL_Driver\Src\stm32f4xx_hal_cortex.c 0x00000000   Number         0  stm32f4xx_hal_cortex.o ABSOLUTE
    ..\Drivers\STM32F4xx_HAL_Driver\Src\stm32f4xx_hal_dac.c 0x00000000   Number         0  stm32f4xx_hal_dac.o ABSOLUTE
    ..\Drivers\STM32F4xx_HAL_Driver\Src\stm32f4xx_hal_dac_ex.c 0x00000000   Number         0  stm32f4xx_hal_dac_ex.o ABSOLUTE
    ..\Drivers\STM32F4xx_HAL_Driver\Src\stm32f4xx_hal_dma.c 0x00000000   Number         0  stm32f4xx_hal_dma.o ABSOLUTE
    ..\Drivers\STM32F4xx_HAL_Driver\Src\stm32f4xx_hal_dma_ex.c 0x00000000   Number         0  stm32f4xx_hal_dma_ex.o ABSOLUTE
    ..\Drivers\STM32F4xx_HAL_Driver\Src\stm32f4xx_hal_flash.c 0x00000000   Number         0  stm32f4xx_hal_flash.o ABSOLUTE
    ..\Drivers\STM32F4xx_HAL_Driver\Src\stm32f4xx_hal_flash_ex.c 0x00000000   Number         0  stm32f4xx_hal_flash_ex.o ABSOLUTE
    ..\Drivers\STM32F4xx_HAL_Driver\Src\stm32f4xx_hal_flash_ramfunc.c 0x00000000   Number         0  stm32f4xx_hal_flash_ramfunc.o ABSOLUTE
    ..\Drivers\STM32F4xx_HAL_Driver\Src\stm32f4xx_hal_gpio.c 0x00000000   Number         0  stm32f4xx_hal_gpio.o ABSOLUTE
    ..\Drivers\STM32F4xx_HAL_Driver\Src\stm32f4xx_hal_pwr.c 0x00000000   Number         0  stm32f4xx_hal_pwr.o ABSOLUTE
    ..\Drivers\STM32F4xx_HAL_Driver\Src\stm32f4xx_hal_pwr_ex.c 0x00000000   Number         0  stm32f4xx_hal_pwr_ex.o ABSOLUTE
    ..\Drivers\STM32F4xx_HAL_Driver\Src\stm32f4xx_hal_rcc.c 0x00000000   Number         0  stm32f4xx_hal_rcc.o ABSOLUTE
    ..\Drivers\STM32F4xx_HAL_Driver\Src\stm32f4xx_hal_rcc_ex.c 0x00000000   Number         0  stm32f4xx_hal_rcc_ex.o ABSOLUTE
    ..\Drivers\STM32F4xx_HAL_Driver\Src\stm32f4xx_hal_tim.c 0x00000000   Number         0  stm32f4xx_hal_tim.o ABSOLUTE
    ..\Drivers\STM32F4xx_HAL_Driver\Src\stm32f4xx_hal_tim_ex.c 0x00000000   Number         0  stm32f4xx_hal_tim_ex.o ABSOLUTE
    ..\Src\asm_math.s                        0x00000000   Number         0  asm_math.o ABSOLUTE
    ..\Src\fput_debug.c                      0x00000000   Number         0  fput_debug.o ABSOLUTE
    ..\Src\heads_up_display.c                0x00000000   Number         0  heads_up_display.o ABSOLUTE
    ..\Src\keypad.c                          0x00000000   Number         0  keypad.o ABSOLUTE
    ..\Src\main.c                            0x00000000   Number         0  main.o ABSOLUTE
    ..\Src\stm32f4xx_hal_msp.c               0x00000000   Number         0  stm32f4xx_hal_msp.o ABSOLUTE
    ..\Src\stm32f4xx_it.c                    0x00000000   Number         0  stm32f4xx_it.o ABSOLUTE
    ..\Src\system_stm32f4xx.c                0x00000000   Number         0  system_stm32f4xx.o ABSOLUTE
    ..\\Src\\fput_debug.c                    0x00000000   Number         0  fput_debug.o ABSOLUTE
    cdrcmple.s                               0x00000000   Number         0  cdrcmple.o ABSOLUTE
    dc.s                                     0x00000000   Number         0  dc.o ABSOLUTE
    handlers.s                               0x00000000   Number         0  handlers.o ABSOLUTE
    init.s                                   0x00000000   Number         0  init.o ABSOLUTE
    startup_stm32f407xx.s                    0x00000000   Number         0  startup_stm32f407xx.o ABSOLUTE
    RESET                                    0x08000000   Section      392  startup_stm32f407xx.o(RESET)
    .ARM.Collect$$$$00000000                 0x08000188   Section        0  entry.o(.ARM.Collect$$$$00000000)
    .ARM.Collect$$$$00000001                 0x08000188   Section        4  entry2.o(.ARM.Collect$$$$00000001)
    .ARM.Collect$$$$00000004                 0x0800018c   Section        4  entry5.o(.ARM.Collect$$$$00000004)
    .ARM.Collect$$$$00000008                 0x08000190   Section        0  entry7b.o(.ARM.Collect$$$$00000008)
    .ARM.Collect$$$$0000000A                 0x08000190   Section        0  entry8b.o(.ARM.Collect$$$$0000000A)
    .ARM.Collect$$$$0000000B                 0x08000190   Section        8  entry9a.o(.ARM.Collect$$$$0000000B)
    .ARM.Collect$$$$0000000D                 0x08000198   Section        0  entry10a.o(.ARM.Collect$$$$0000000D)
    .ARM.Collect$$$$0000000F                 0x08000198   Section        0  entry11a.o(.ARM.Collect$$$$0000000F)
    .ARM.Collect$$$$00002712                 0x08000198   Section        4  entry2.o(.ARM.Collect$$$$00002712)
    __lit__00000000                          0x08000198   Data           4  entry2.o(.ARM.Collect$$$$00002712)
    .text                                    0x0800019c   Section       36  startup_stm32f407xx.o(.text)
    $v0                                      0x0800019c   Number         0  startup_stm32f407xx.o(.text)
    .text                                    0x080001c0   Section        0  uldiv.o(.text)
    .text                                    0x08000222   Section        0  dmul.o(.text)
    .text                                    0x08000306   Section        0  ddiv.o(.text)
    .text                                    0x080003e4   Section        0  dflti.o(.text)
    .text                                    0x08000406   Section        0  f2d.o(.text)
    .text                                    0x0800042c   Section        0  d2f.o(.text)
    .text                                    0x08000464   Section        0  uidiv.o(.text)
    .text                                    0x08000490   Section        0  llshl.o(.text)
    .text                                    0x080004ae   Section        0  llushr.o(.text)
    .text                                    0x080004ce   Section        0  fepilogue.o(.text)
    .text                                    0x080004ce   Section        0  iusefp.o(.text)
    .text                                    0x0800053c   Section        0  depilogue.o(.text)
    .text                                    0x080005f6   Section        0  dadd.o(.text)
    .text                                    0x08000744   Section        0  dfixul.o(.text)
    .text                                    0x08000774   Section       48  cdrcmple.o(.text)
    .text                                    0x080007a4   Section       36  init.o(.text)
    .text                                    0x080007c8   Section        0  llsshr.o(.text)
    i.ADC_IRQHandler                         0x080007ec   Section        0  stm32f4xx_it.o(i.ADC_IRQHandler)
    i.ADC_Init                               0x080007f8   Section        0  stm32f4xx_hal_adc.o(i.ADC_Init)
    ADC_Init                                 0x080007f9   Thumb Code   280  stm32f4xx_hal_adc.o(i.ADC_Init)
    i.BusFault_Handler                       0x0800091c   Section        0  stm32f4xx_it.o(i.BusFault_Handler)
    i.DMA2_Stream0_IRQHandler                0x08000920   Section        0  stm32f4xx_it.o(i.DMA2_Stream0_IRQHandler)
    i.DMA_CalcBaseAndBitshift                0x0800092c   Section        0  stm32f4xx_hal_dma.o(i.DMA_CalcBaseAndBitshift)
    DMA_CalcBaseAndBitshift                  0x0800092d   Thumb Code    34  stm32f4xx_hal_dma.o(i.DMA_CalcBaseAndBitshift)
    i.DMA_CheckFifoParam                     0x08000954   Section        0  stm32f4xx_hal_dma.o(i.DMA_CheckFifoParam)
    DMA_CheckFifoParam                       0x08000955   Thumb Code    84  stm32f4xx_hal_dma.o(i.DMA_CheckFifoParam)
    i.DebugMon_Handler                       0x080009a8   Section        0  stm32f4xx_it.o(i.DebugMon_Handler)
    i.DigitalToAnalogValue                   0x080009ac   Section        0  main.o(i.DigitalToAnalogValue)
    i.EXTI0_IRQHandler                       0x080009e4   Section        0  stm32f4xx_it.o(i.EXTI0_IRQHandler)
    i.FIR_C                                  0x080009f4   Section        0  main.o(i.FIR_C)
    i.HAL_ADCEx_InjectedConvCpltCallback     0x08000a68   Section        0  stm32f4xx_hal_adc_ex.o(i.HAL_ADCEx_InjectedConvCpltCallback)
    i.HAL_ADC_ConfigChannel                  0x08000a6c   Section        0  stm32f4xx_hal_adc.o(i.HAL_ADC_ConfigChannel)
    i.HAL_ADC_ConvCpltCallback               0x08000bb8   Section        0  main.o(i.HAL_ADC_ConvCpltCallback)
    i.HAL_ADC_ErrorCallback                  0x08000bf0   Section        0  stm32f4xx_hal_adc.o(i.HAL_ADC_ErrorCallback)
    i.HAL_ADC_IRQHandler                     0x08000bf2   Section        0  stm32f4xx_hal_adc.o(i.HAL_ADC_IRQHandler)
    i.HAL_ADC_Init                           0x08000d2e   Section        0  stm32f4xx_hal_adc.o(i.HAL_ADC_Init)
    i.HAL_ADC_LevelOutOfWindowCallback       0x08000d82   Section        0  stm32f4xx_hal_adc.o(i.HAL_ADC_LevelOutOfWindowCallback)
    i.HAL_ADC_MspInit                        0x08000d84   Section        0  stm32f4xx_hal_msp.o(i.HAL_ADC_MspInit)
    i.HAL_DAC_ConfigChannel                  0x08000e30   Section        0  stm32f4xx_hal_dac.o(i.HAL_DAC_ConfigChannel)
    i.HAL_DAC_Init                           0x08000e72   Section        0  stm32f4xx_hal_dac.o(i.HAL_DAC_Init)
    i.HAL_DAC_MspInit                        0x08000e9c   Section        0  stm32f4xx_hal_msp.o(i.HAL_DAC_MspInit)
    i.HAL_DAC_SetValue                       0x08000ee0   Section        0  stm32f4xx_hal_dac.o(i.HAL_DAC_SetValue)
    i.HAL_DAC_Start                          0x08000efa   Section        0  stm32f4xx_hal_dac.o(i.HAL_DAC_Start)
    i.HAL_DMA_IRQHandler                     0x08000f68   Section        0  stm32f4xx_hal_dma.o(i.HAL_DMA_IRQHandler)
    i.HAL_DMA_Init                           0x08001108   Section        0  stm32f4xx_hal_dma.o(i.HAL_DMA_Init)
    i.HAL_GPIO_EXTI_Callback                 0x080011dc   Section        0  main.o(i.HAL_GPIO_EXTI_Callback)
    i.HAL_GPIO_EXTI_IRQHandler               0x08001200   Section        0  stm32f4xx_hal_gpio.o(i.HAL_GPIO_EXTI_IRQHandler)
    i.HAL_GPIO_Init                          0x08001218   Section        0  stm32f4xx_hal_gpio.o(i.HAL_GPIO_Init)
    i.HAL_GPIO_ReadPin                       0x080013c8   Section        0  stm32f4xx_hal_gpio.o(i.HAL_GPIO_ReadPin)
    i.HAL_GPIO_WritePin                      0x080013d2   Section        0  stm32f4xx_hal_gpio.o(i.HAL_GPIO_WritePin)
    i.HAL_GetTick                            0x080013dc   Section        0  stm32f4xx_hal.o(i.HAL_GetTick)
    i.HAL_IncTick                            0x080013e8   Section        0  stm32f4xx_hal.o(i.HAL_IncTick)
    i.HAL_Init                               0x080013f8   Section        0  stm32f4xx_hal.o(i.HAL_Init)
    i.HAL_InitTick                           0x0800142c   Section        0  stm32f4xx_hal.o(i.HAL_InitTick)
    i.HAL_MspInit                            0x0800146c   Section        0  stm32f4xx_hal_msp.o(i.HAL_MspInit)
    i.HAL_NVIC_EnableIRQ                     0x080014c4   Section        0  stm32f4xx_hal_cortex.o(i.HAL_NVIC_EnableIRQ)
    i.HAL_NVIC_SetPriority                   0x080014dc   Section        0  stm32f4xx_hal_cortex.o(i.HAL_NVIC_SetPriority)
    i.HAL_NVIC_SetPriorityGrouping           0x0800151c   Section        0  stm32f4xx_hal_cortex.o(i.HAL_NVIC_SetPriorityGrouping)
    i.HAL_RCC_ClockConfig                    0x08001540   Section        0  stm32f4xx_hal_rcc.o(i.HAL_RCC_ClockConfig)
    i.HAL_RCC_GetHCLKFreq                    0x08001670   Section        0  stm32f4xx_hal_rcc.o(i.HAL_RCC_GetHCLKFreq)
    i.HAL_RCC_GetSysClockFreq                0x0800167c   Section        0  stm32f4xx_hal_rcc.o(i.HAL_RCC_GetSysClockFreq)
    i.HAL_RCC_OscConfig                      0x080016dc   Section        0  stm32f4xx_hal_rcc.o(i.HAL_RCC_OscConfig)
    i.HAL_SYSTICK_CLKSourceConfig            0x080019f8   Section        0  stm32f4xx_hal_cortex.o(i.HAL_SYSTICK_CLKSourceConfig)
    i.HAL_SYSTICK_Callback                   0x08001a10   Section        0  stm32f4xx_hal_cortex.o(i.HAL_SYSTICK_Callback)
    i.HAL_SYSTICK_Config                     0x08001a12   Section        0  stm32f4xx_hal_cortex.o(i.HAL_SYSTICK_Config)
    i.HAL_SYSTICK_IRQHandler                 0x08001a3a   Section        0  stm32f4xx_hal_cortex.o(i.HAL_SYSTICK_IRQHandler)
    i.HAL_TIMEx_BreakCallback                0x08001a42   Section        0  stm32f4xx_hal_tim_ex.o(i.HAL_TIMEx_BreakCallback)
    i.HAL_TIMEx_CommutationCallback          0x08001a44   Section        0  stm32f4xx_hal_tim_ex.o(i.HAL_TIMEx_CommutationCallback)
    i.HAL_TIMEx_MasterConfigSynchronization  0x08001a46   Section        0  stm32f4xx_hal_tim_ex.o(i.HAL_TIMEx_MasterConfigSynchronization)
    i.HAL_TIM_Base_Init                      0x08001a96   Section        0  stm32f4xx_hal_tim.o(i.HAL_TIM_Base_Init)
    i.HAL_TIM_Base_MspInit                   0x08001acc   Section        0  stm32f4xx_hal_msp.o(i.HAL_TIM_Base_MspInit)
    i.HAL_TIM_Base_Start                     0x08001b2c   Section        0  stm32f4xx_hal_tim.o(i.HAL_TIM_Base_Start)
    i.HAL_TIM_ConfigClockSource              0x08001b46   Section        0  stm32f4xx_hal_tim.o(i.HAL_TIM_ConfigClockSource)
    i.HAL_TIM_IC_CaptureCallback             0x08001c38   Section        0  stm32f4xx_hal_tim.o(i.HAL_TIM_IC_CaptureCallback)
    i.HAL_TIM_IRQHandler                     0x08001c3a   Section        0  stm32f4xx_hal_tim.o(i.HAL_TIM_IRQHandler)
    i.HAL_TIM_MspPostInit                    0x08001da0   Section        0  stm32f4xx_hal_msp.o(i.HAL_TIM_MspPostInit)
    i.HAL_TIM_OC_DelayElapsedCallback        0x08001dd0   Section        0  stm32f4xx_hal_tim.o(i.HAL_TIM_OC_DelayElapsedCallback)
    i.HAL_TIM_PWM_ConfigChannel              0x08001dd2   Section        0  stm32f4xx_hal_tim.o(i.HAL_TIM_PWM_ConfigChannel)
    i.HAL_TIM_PWM_Init                       0x08001ea2   Section        0  stm32f4xx_hal_tim.o(i.HAL_TIM_PWM_Init)
    i.HAL_TIM_PWM_MspInit                    0x08001ed8   Section        0  stm32f4xx_hal_tim.o(i.HAL_TIM_PWM_MspInit)
    i.HAL_TIM_PWM_PulseFinishedCallback      0x08001edc   Section        0  main.o(i.HAL_TIM_PWM_PulseFinishedCallback)
    i.HAL_TIM_PeriodElapsedCallback          0x08001f08   Section        0  main.o(i.HAL_TIM_PeriodElapsedCallback)
    i.HAL_TIM_TriggerCallback                0x08001f30   Section        0  main.o(i.HAL_TIM_TriggerCallback)
    i.HardFault_Handler                      0x08001f4c   Section        0  stm32f4xx_it.o(i.HardFault_Handler)
    i.MX_ADC1_Init                           0x08001f50   Section        0  main.o(i.MX_ADC1_Init)
    MX_ADC1_Init                             0x08001f51   Thumb Code    78  main.o(i.MX_ADC1_Init)
    i.MX_GPIO_Init                           0x08001fa8   Section        0  main.o(i.MX_GPIO_Init)
    MX_GPIO_Init                             0x08001fa9   Thumb Code   268  main.o(i.MX_GPIO_Init)
    i.MX_TIM2_Init                           0x080020cc   Section        0  main.o(i.MX_TIM2_Init)
    MX_TIM2_Init                             0x080020cd   Thumb Code    78  main.o(i.MX_TIM2_Init)
    i.MX_TIM3_Init                           0x08002120   Section        0  main.o(i.MX_TIM3_Init)
    MX_TIM3_Init                             0x08002121   Thumb Code   106  main.o(i.MX_TIM3_Init)
    i.MemManage_Handler                      0x08002194   Section        0  stm32f4xx_it.o(i.MemManage_Handler)
    i.NMI_Handler                            0x08002196   Section        0  stm32f4xx_it.o(i.NMI_Handler)
    i.NVIC_SetPriority                       0x08002198   Section        0  stm32f4xx_hal_cortex.o(i.NVIC_SetPriority)
    NVIC_SetPriority                         0x08002199   Thumb Code    32  stm32f4xx_hal_cortex.o(i.NVIC_SetPriority)
    i.PendSV_Handler                         0x080021b8   Section        0  stm32f4xx_it.o(i.PendSV_Handler)
    i.SVC_Handler                            0x080021ba   Section        0  stm32f4xx_it.o(i.SVC_Handler)
    i.SysTick_Handler                        0x080021bc   Section        0  stm32f4xx_it.o(i.SysTick_Handler)
    i.SystemClock_Config                     0x080021f4   Section        0  main.o(i.SystemClock_Config)
    i.SystemInit                             0x08002294   Section        0  system_stm32f4xx.o(i.SystemInit)
    i.TIM2_IRQHandler                        0x080022e8   Section        0  stm32f4xx_it.o(i.TIM2_IRQHandler)
    i.TIM3_IRQHandler                        0x08002314   Section        0  stm32f4xx_it.o(i.TIM3_IRQHandler)
    i.TIM_Base_SetConfig                     0x08002320   Section        0  stm32f4xx_hal_tim.o(i.TIM_Base_SetConfig)
    i.TIM_ETR_SetConfig                      0x080023e0   Section        0  stm32f4xx_hal_tim.o(i.TIM_ETR_SetConfig)
    TIM_ETR_SetConfig                        0x080023e1   Thumb Code    20  stm32f4xx_hal_tim.o(i.TIM_ETR_SetConfig)
    i.TIM_ITRx_SetConfig                     0x080023f4   Section        0  stm32f4xx_hal_tim.o(i.TIM_ITRx_SetConfig)
    TIM_ITRx_SetConfig                       0x080023f5   Thumb Code    16  stm32f4xx_hal_tim.o(i.TIM_ITRx_SetConfig)
    i.TIM_OC1_SetConfig                      0x08002404   Section        0  stm32f4xx_hal_tim.o(i.TIM_OC1_SetConfig)
    TIM_OC1_SetConfig                        0x08002405   Thumb Code    80  stm32f4xx_hal_tim.o(i.TIM_OC1_SetConfig)
    i.TIM_OC2_SetConfig                      0x0800245c   Section        0  stm32f4xx_hal_tim.o(i.TIM_OC2_SetConfig)
    i.TIM_OC3_SetConfig                      0x080024c0   Section        0  stm32f4xx_hal_tim.o(i.TIM_OC3_SetConfig)
    TIM_OC3_SetConfig                        0x080024c1   Thumb Code    88  stm32f4xx_hal_tim.o(i.TIM_OC3_SetConfig)
    i.TIM_OC4_SetConfig                      0x08002520   Section        0  stm32f4xx_hal_tim.o(i.TIM_OC4_SetConfig)
    TIM_OC4_SetConfig                        0x08002521   Thumb Code    70  stm32f4xx_hal_tim.o(i.TIM_OC4_SetConfig)
    i.TIM_TI1_ConfigInputStage               0x08002570   Section        0  stm32f4xx_hal_tim.o(i.TIM_TI1_ConfigInputStage)
    TIM_TI1_ConfigInputStage                 0x08002571   Thumb Code    34  stm32f4xx_hal_tim.o(i.TIM_TI1_ConfigInputStage)
    i.TIM_TI2_ConfigInputStage               0x08002592   Section        0  stm32f4xx_hal_tim.o(i.TIM_TI2_ConfigInputStage)
    TIM_TI2_ConfigInputStage                 0x08002593   Thumb Code    36  stm32f4xx_hal_tim.o(i.TIM_TI2_ConfigInputStage)
    i.UsageFault_Handler                     0x080025b6   Section        0  stm32f4xx_it.o(i.UsageFault_Handler)
    i._Error_Handler                         0x080025b8   Section        0  main.o(i._Error_Handler)
    i.__0printf                              0x080025bc   Section        0  printfa.o(i.__0printf)
    i.__scatterload_copy                     0x080025dc   Section       14  handlers.o(i.__scatterload_copy)
    i.__scatterload_null                     0x080025ea   Section        2  handlers.o(i.__scatterload_null)
    i.__scatterload_zeroinit                 0x080025ec   Section       14  handlers.o(i.__scatterload_zeroinit)
    i._fp_digits                             0x080025fc   Section        0  printfa.o(i._fp_digits)
    _fp_digits                               0x080025fd   Thumb Code   366  printfa.o(i._fp_digits)
    i._printf_core                           0x08002780   Section        0  printfa.o(i._printf_core)
    _printf_core                             0x08002781   Thumb Code  1744  printfa.o(i._printf_core)
    i._printf_post_padding                   0x08002e5c   Section        0  printfa.o(i._printf_post_padding)
    _printf_post_padding                     0x08002e5d   Thumb Code    36  printfa.o(i._printf_post_padding)
    i._printf_pre_padding                    0x08002e80   Section        0  printfa.o(i._printf_pre_padding)
    _printf_pre_padding                      0x08002e81   Thumb Code    46  printfa.o(i._printf_pre_padding)
    i.adc_buffer_full_callback               0x08002eb0   Section        0  main.o(i.adc_buffer_full_callback)
    i.button_pressed_callback                0x08003084   Section        0  main.o(i.button_pressed_callback)
    i.check_for_digit_press                  0x080030fc   Section        0  stm32f4xx_it.o(i.check_for_digit_press)
    i.fputc                                  0x08003208   Section        0  fput_debug.o(i.fputc)
    i.get_segments_for_float                 0x08003230   Section        0  heads_up_display.o(i.get_segments_for_float)
    i.main                                   0x08003258   Section        0  main.o(i.main)
    i.new_keypad_value                       0x0800330c   Section        0  keypad.o(i.new_keypad_value)
    i.refresh_display                        0x080033ac   Section        0  stm32f4xx_it.o(i.refresh_display)
    i.split_three_digits                     0x08003450   Section        0  heads_up_display.o(i.split_three_digits)
    text                                     0x08003494   Section      120  asm_math.o(text)
    $v0                                      0x08003494   Number         0  asm_math.o(text)
    .constdata                               0x0800350c   Section        8  stm32f4xx_hal_dma.o(.constdata)
    flagBitshiftOffset                       0x0800350c   Data           8  stm32f4xx_hal_dma.o(.constdata)
    .constdata                               0x08003514   Section       40  stm32f4xx_it.o(.constdata)
    Keys                                     0x08003514   Data          12  stm32f4xx_it.o(.constdata)
    .constdata                               0x0800353c   Section       40  heads_up_display.o(.constdata)
    .constdata                               0x08003564   Section       16  system_stm32f4xx.o(.constdata)
    .data                                    0x20000000   Section       12  stm32f4xx_hal.o(.data)
    .data                                    0x2000000c   Section       36  main.o(.data)
    head                                     0x2000000c   Data           4  main.o(.data)
    tail                                     0x20000010   Data           4  main.o(.data)
    head                                     0x20000014   Data           4  main.o(.data)
    tail                                     0x20000018   Data           4  main.o(.data)
    weights                                  0x2000001c   Data          20  main.o(.data)
    .data                                    0x20000030   Section       12  stm32f4xx_it.o(.data)
    currently_active_digit                   0x20000030   Data           1  stm32f4xx_it.o(.data)
    current_column                           0x20000031   Data           1  stm32f4xx_it.o(.data)
    row                                      0x20000032   Data           1  stm32f4xx_it.o(.data)
    chosen_char                              0x20000033   Data           1  stm32f4xx_it.o(.data)
    refresh_display_counter                  0x20000034   Data           4  stm32f4xx_it.o(.data)
    check_for_digit_press_counter            0x20000038   Data           4  stm32f4xx_it.o(.data)
    .data                                    0x2000003c   Section        8  keypad.o(.data)
    digits                                   0x2000003c   Data           2  keypad.o(.data)
    input_value                              0x20000040   Data           4  keypad.o(.data)
    .data                                    0x20000044   Section        1  heads_up_display.o(.data)
    .data                                    0x20000048   Section        4  heads_up_display.o(.data)
    .data                                    0x2000004c   Section        4  system_stm32f4xx.o(.data)
    .data                                    0x20000050   Section        4  stdout.o(.data)
    .bss                                     0x20000054   Section      716  main.o(.bss)
    buffer                                   0x20000054   Data          20  main.o(.bss)
    ADCBufferDMA                             0x20000204   Data         200  main.o(.bss)
    past_ten_seconds_results                 0x200002cc   Data          84  main.o(.bss)
    .bss                                     0x20000320   Section       96  main.o(.bss)
    STACK                                    0x20000380   Section     1024  startup_stm32f407xx.o(STACK)

    Global Symbols

    Symbol Name                              Value     Ov Type        Size  Object(Section)

    BuildAttributes$$THM_ISAv4$E$P$D$K$B$S$7EM$VFPi3$EXTD16$VFPS$VFMA$PE$A:L22UL41UL21$X:L11$S22US41US21$IEEE1$IW$USESV6$~STKCKD$USESV7$~SHL$OTIME$ROPI$EBA8$MICROLIB$REQ8$EABIv2 0x00000000   Number         0  anon$$obj.o ABSOLUTE
    __ARM_use_no_argv                        0x00000000   Number         0  main.o ABSOLUTE
    _printf_a                                0x00000000   Number         0  stubs.o ABSOLUTE
    _printf_c                                0x00000000   Number         0  stubs.o ABSOLUTE
    _printf_charcount                        0x00000000   Number         0  stubs.o ABSOLUTE
    _printf_d                                0x00000000   Number         0  stubs.o ABSOLUTE
    _printf_e                                0x00000000   Number         0  stubs.o ABSOLUTE
    _printf_f                                0x00000000   Number         0  stubs.o ABSOLUTE
    _printf_flags                            0x00000000   Number         0  stubs.o ABSOLUTE
    _printf_fp_dec                           0x00000000   Number         0  stubs.o ABSOLUTE
    _printf_fp_hex                           0x00000000   Number         0  stubs.o ABSOLUTE
    _printf_g                                0x00000000   Number         0  stubs.o ABSOLUTE
    _printf_i                                0x00000000   Number         0  stubs.o ABSOLUTE
    _printf_int_dec                          0x00000000   Number         0  stubs.o ABSOLUTE
    _printf_l                                0x00000000   Number         0  stubs.o ABSOLUTE
    _printf_lc                               0x00000000   Number         0  stubs.o ABSOLUTE
    _printf_ll                               0x00000000   Number         0  stubs.o ABSOLUTE
    _printf_lld                              0x00000000   Number         0  stubs.o ABSOLUTE
    _printf_lli                              0x00000000   Number         0  stubs.o ABSOLUTE
    _printf_llo                              0x00000000   Number         0  stubs.o ABSOLUTE
    _printf_llu                              0x00000000   Number         0  stubs.o ABSOLUTE
    _printf_llx                              0x00000000   Number         0  stubs.o ABSOLUTE
    _printf_longlong_dec                     0x00000000   Number         0  stubs.o ABSOLUTE
    _printf_longlong_hex                     0x00000000   Number         0  stubs.o ABSOLUTE
    _printf_longlong_oct                     0x00000000   Number         0  stubs.o ABSOLUTE
    _printf_ls                               0x00000000   Number         0  stubs.o ABSOLUTE
    _printf_mbtowc                           0x00000000   Number         0  stubs.o ABSOLUTE
    _printf_n                                0x00000000   Number         0  stubs.o ABSOLUTE
    _printf_o                                0x00000000   Number         0  stubs.o ABSOLUTE
    _printf_p                                0x00000000   Number         0  stubs.o ABSOLUTE
    _printf_percent                          0x00000000   Number         0  stubs.o ABSOLUTE
    _printf_pre_padding                      0x00000000   Number         0  stubs.o ABSOLUTE
    _printf_return_value                     0x00000000   Number         0  stubs.o ABSOLUTE
    _printf_s                                0x00000000   Number         0  stubs.o ABSOLUTE
    _printf_sizespec                         0x00000000   Number         0  stubs.o ABSOLUTE
    _printf_str                              0x00000000   Number         0  stubs.o ABSOLUTE
    _printf_truncate_signed                  0x00000000   Number         0  stubs.o ABSOLUTE
    _printf_truncate_unsigned                0x00000000   Number         0  stubs.o ABSOLUTE
    _printf_u                                0x00000000   Number         0  stubs.o ABSOLUTE
    _printf_wc                               0x00000000   Number         0  stubs.o ABSOLUTE
    _printf_wctomb                           0x00000000   Number         0  stubs.o ABSOLUTE
    _printf_widthprec                        0x00000000   Number         0  stubs.o ABSOLUTE
    _printf_x                                0x00000000   Number         0  stubs.o ABSOLUTE
    __cpp_initialize__aeabi_                  - Undefined Weak Reference
    __cxa_finalize                            - Undefined Weak Reference
    __decompress                              - Undefined Weak Reference
    _clock_init                               - Undefined Weak Reference
    _microlib_exit                            - Undefined Weak Reference
    __Vectors_Size                           0x00000188   Number         0  startup_stm32f407xx.o ABSOLUTE
    __Vectors                                0x08000000   Data           4  startup_stm32f407xx.o(RESET)
    __Vectors_End                            0x08000188   Data           0  startup_stm32f407xx.o(RESET)
    __main                                   0x08000189   Thumb Code     0  entry.o(.ARM.Collect$$$$00000000)
    _main_stk                                0x08000189   Thumb Code     0  entry2.o(.ARM.Collect$$$$00000001)
    _main_scatterload                        0x0800018d   Thumb Code     0  entry5.o(.ARM.Collect$$$$00000004)
    __main_after_scatterload                 0x08000191   Thumb Code     0  entry5.o(.ARM.Collect$$$$00000004)
    _main_clock                              0x08000191   Thumb Code     0  entry7b.o(.ARM.Collect$$$$00000008)
    _main_cpp_init                           0x08000191   Thumb Code     0  entry8b.o(.ARM.Collect$$$$0000000A)
    _main_init                               0x08000191   Thumb Code     0  entry9a.o(.ARM.Collect$$$$0000000B)
    __rt_final_cpp                           0x08000199   Thumb Code     0  entry10a.o(.ARM.Collect$$$$0000000D)
    __rt_final_exit                          0x08000199   Thumb Code     0  entry11a.o(.ARM.Collect$$$$0000000F)
    Reset_Handler                            0x0800019d   Thumb Code     8  startup_stm32f407xx.o(.text)
    CAN1_RX0_IRQHandler                      0x080001b7   Thumb Code     0  startup_stm32f407xx.o(.text)
    CAN1_RX1_IRQHandler                      0x080001b7   Thumb Code     0  startup_stm32f407xx.o(.text)
    CAN1_SCE_IRQHandler                      0x080001b7   Thumb Code     0  startup_stm32f407xx.o(.text)
    CAN1_TX_IRQHandler                       0x080001b7   Thumb Code     0  startup_stm32f407xx.o(.text)
    CAN2_RX0_IRQHandler                      0x080001b7   Thumb Code     0  startup_stm32f407xx.o(.text)
    CAN2_RX1_IRQHandler                      0x080001b7   Thumb Code     0  startup_stm32f407xx.o(.text)
    CAN2_SCE_IRQHandler                      0x080001b7   Thumb Code     0  startup_stm32f407xx.o(.text)
    CAN2_TX_IRQHandler                       0x080001b7   Thumb Code     0  startup_stm32f407xx.o(.text)
    DCMI_IRQHandler                          0x080001b7   Thumb Code     0  startup_stm32f407xx.o(.text)
    DMA1_Stream0_IRQHandler                  0x080001b7   Thumb Code     0  startup_stm32f407xx.o(.text)
    DMA1_Stream1_IRQHandler                  0x080001b7   Thumb Code     0  startup_stm32f407xx.o(.text)
    DMA1_Stream2_IRQHandler                  0x080001b7   Thumb Code     0  startup_stm32f407xx.o(.text)
    DMA1_Stream3_IRQHandler                  0x080001b7   Thumb Code     0  startup_stm32f407xx.o(.text)
    DMA1_Stream4_IRQHandler                  0x080001b7   Thumb Code     0  startup_stm32f407xx.o(.text)
    DMA1_Stream5_IRQHandler                  0x080001b7   Thumb Code     0  startup_stm32f407xx.o(.text)
    DMA1_Stream6_IRQHandler                  0x080001b7   Thumb Code     0  startup_stm32f407xx.o(.text)
    DMA1_Stream7_IRQHandler                  0x080001b7   Thumb Code     0  startup_stm32f407xx.o(.text)
    DMA2_Stream1_IRQHandler                  0x080001b7   Thumb Code     0  startup_stm32f407xx.o(.text)
    DMA2_Stream2_IRQHandler                  0x080001b7   Thumb Code     0  startup_stm32f407xx.o(.text)
    DMA2_Stream3_IRQHandler                  0x080001b7   Thumb Code     0  startup_stm32f407xx.o(.text)
    DMA2_Stream4_IRQHandler                  0x080001b7   Thumb Code     0  startup_stm32f407xx.o(.text)
    DMA2_Stream5_IRQHandler                  0x080001b7   Thumb Code     0  startup_stm32f407xx.o(.text)
    DMA2_Stream6_IRQHandler                  0x080001b7   Thumb Code     0  startup_stm32f407xx.o(.text)
    DMA2_Stream7_IRQHandler                  0x080001b7   Thumb Code     0  startup_stm32f407xx.o(.text)
    ETH_IRQHandler                           0x080001b7   Thumb Code     0  startup_stm32f407xx.o(.text)
    ETH_WKUP_IRQHandler                      0x080001b7   Thumb Code     0  startup_stm32f407xx.o(.text)
    EXTI15_10_IRQHandler                     0x080001b7   Thumb Code     0  startup_stm32f407xx.o(.text)
    EXTI1_IRQHandler                         0x080001b7   Thumb Code     0  startup_stm32f407xx.o(.text)
    EXTI2_IRQHandler                         0x080001b7   Thumb Code     0  startup_stm32f407xx.o(.text)
    EXTI3_IRQHandler                         0x080001b7   Thumb Code     0  startup_stm32f407xx.o(.text)
    EXTI4_IRQHandler                         0x080001b7   Thumb Code     0  startup_stm32f407xx.o(.text)
    EXTI9_5_IRQHandler                       0x080001b7   Thumb Code     0  startup_stm32f407xx.o(.text)
    FLASH_IRQHandler                         0x080001b7   Thumb Code     0  startup_stm32f407xx.o(.text)
    FMC_IRQHandler                           0x080001b7   Thumb Code     0  startup_stm32f407xx.o(.text)
    FPU_IRQHandler                           0x080001b7   Thumb Code     0  startup_stm32f407xx.o(.text)
    HASH_RNG_IRQHandler                      0x080001b7   Thumb Code     0  startup_stm32f407xx.o(.text)
    I2C1_ER_IRQHandler                       0x080001b7   Thumb Code     0  startup_stm32f407xx.o(.text)
    I2C1_EV_IRQHandler                       0x080001b7   Thumb Code     0  startup_stm32f407xx.o(.text)
    I2C2_ER_IRQHandler                       0x080001b7   Thumb Code     0  startup_stm32f407xx.o(.text)
    I2C2_EV_IRQHandler                       0x080001b7   Thumb Code     0  startup_stm32f407xx.o(.text)
    I2C3_ER_IRQHandler                       0x080001b7   Thumb Code     0  startup_stm32f407xx.o(.text)
    I2C3_EV_IRQHandler                       0x080001b7   Thumb Code     0  startup_stm32f407xx.o(.text)
    OTG_FS_IRQHandler                        0x080001b7   Thumb Code     0  startup_stm32f407xx.o(.text)
    OTG_FS_WKUP_IRQHandler                   0x080001b7   Thumb Code     0  startup_stm32f407xx.o(.text)
    OTG_HS_EP1_IN_IRQHandler                 0x080001b7   Thumb Code     0  startup_stm32f407xx.o(.text)
    OTG_HS_EP1_OUT_IRQHandler                0x080001b7   Thumb Code     0  startup_stm32f407xx.o(.text)
    OTG_HS_IRQHandler                        0x080001b7   Thumb Code     0  startup_stm32f407xx.o(.text)
    OTG_HS_WKUP_IRQHandler                   0x080001b7   Thumb Code     0  startup_stm32f407xx.o(.text)
    PVD_IRQHandler                           0x080001b7   Thumb Code     0  startup_stm32f407xx.o(.text)
    RCC_IRQHandler                           0x080001b7   Thumb Code     0  startup_stm32f407xx.o(.text)
    RTC_Alarm_IRQHandler                     0x080001b7   Thumb Code     0  startup_stm32f407xx.o(.text)
    RTC_WKUP_IRQHandler                      0x080001b7   Thumb Code     0  startup_stm32f407xx.o(.text)
    SDIO_IRQHandler                          0x080001b7   Thumb Code     0  startup_stm32f407xx.o(.text)
    SPI1_IRQHandler                          0x080001b7   Thumb Code     0  startup_stm32f407xx.o(.text)
    SPI2_IRQHandler                          0x080001b7   Thumb Code     0  startup_stm32f407xx.o(.text)
    SPI3_IRQHandler                          0x080001b7   Thumb Code     0  startup_stm32f407xx.o(.text)
    TAMP_STAMP_IRQHandler                    0x080001b7   Thumb Code     0  startup_stm32f407xx.o(.text)
    TIM1_BRK_TIM9_IRQHandler                 0x080001b7   Thumb Code     0  startup_stm32f407xx.o(.text)
    TIM1_CC_IRQHandler                       0x080001b7   Thumb Code     0  startup_stm32f407xx.o(.text)
    TIM1_TRG_COM_TIM11_IRQHandler            0x080001b7   Thumb Code     0  startup_stm32f407xx.o(.text)
    TIM1_UP_TIM10_IRQHandler                 0x080001b7   Thumb Code     0  startup_stm32f407xx.o(.text)
    TIM4_IRQHandler                          0x080001b7   Thumb Code     0  startup_stm32f407xx.o(.text)
    TIM5_IRQHandler                          0x080001b7   Thumb Code     0  startup_stm32f407xx.o(.text)
    TIM6_DAC_IRQHandler                      0x080001b7   Thumb Code     0  startup_stm32f407xx.o(.text)
    TIM7_IRQHandler                          0x080001b7   Thumb Code     0  startup_stm32f407xx.o(.text)
    TIM8_BRK_TIM12_IRQHandler                0x080001b7   Thumb Code     0  startup_stm32f407xx.o(.text)
    TIM8_CC_IRQHandler                       0x080001b7   Thumb Code     0  startup_stm32f407xx.o(.text)
    TIM8_TRG_COM_TIM14_IRQHandler            0x080001b7   Thumb Code     0  startup_stm32f407xx.o(.text)
    TIM8_UP_TIM13_IRQHandler                 0x080001b7   Thumb Code     0  startup_stm32f407xx.o(.text)
    UART4_IRQHandler                         0x080001b7   Thumb Code     0  startup_stm32f407xx.o(.text)
    UART5_IRQHandler                         0x080001b7   Thumb Code     0  startup_stm32f407xx.o(.text)
    USART1_IRQHandler                        0x080001b7   Thumb Code     0  startup_stm32f407xx.o(.text)
    USART2_IRQHandler                        0x080001b7   Thumb Code     0  startup_stm32f407xx.o(.text)
    USART3_IRQHandler                        0x080001b7   Thumb Code     0  startup_stm32f407xx.o(.text)
    USART6_IRQHandler                        0x080001b7   Thumb Code     0  startup_stm32f407xx.o(.text)
    WWDG_IRQHandler                          0x080001b7   Thumb Code     0  startup_stm32f407xx.o(.text)
    __aeabi_uldivmod                         0x080001c1   Thumb Code    98  uldiv.o(.text)
    __aeabi_dmul                             0x08000223   Thumb Code   228  dmul.o(.text)
    __aeabi_ddiv                             0x08000307   Thumb Code   222  ddiv.o(.text)
    __aeabi_i2d                              0x080003e5   Thumb Code    34  dflti.o(.text)
    __aeabi_f2d                              0x08000407   Thumb Code    38  f2d.o(.text)
    __aeabi_d2f                              0x0800042d   Thumb Code    56  d2f.o(.text)
    __aeabi_uidiv                            0x08000465   Thumb Code     0  uidiv.o(.text)
    __aeabi_uidivmod                         0x08000465   Thumb Code    44  uidiv.o(.text)
    __aeabi_llsl                             0x08000491   Thumb Code    30  llshl.o(.text)
    _ll_shift_l                              0x08000491   Thumb Code     0  llshl.o(.text)
    __aeabi_llsr                             0x080004af   Thumb Code    32  llushr.o(.text)
    _ll_ushift_r                             0x080004af   Thumb Code     0  llushr.o(.text)
    __I$use$fp                               0x080004cf   Thumb Code     0  iusefp.o(.text)
    _float_round                             0x080004cf   Thumb Code    18  fepilogue.o(.text)
    _float_epilogue                          0x080004e1   Thumb Code    92  fepilogue.o(.text)
    _double_round                            0x0800053d   Thumb Code    30  depilogue.o(.text)
    _double_epilogue                         0x0800055b   Thumb Code   156  depilogue.o(.text)
    __aeabi_dadd                             0x080005f7   Thumb Code   322  dadd.o(.text)
    __aeabi_dsub                             0x08000739   Thumb Code     6  dadd.o(.text)
    __aeabi_drsub                            0x0800073f   Thumb Code     6  dadd.o(.text)
    __aeabi_d2ulz                            0x08000745   Thumb Code    48  dfixul.o(.text)
    __aeabi_cdrcmple                         0x08000775   Thumb Code    48  cdrcmple.o(.text)
    __scatterload                            0x080007a5   Thumb Code    28  init.o(.text)
    __scatterload_rt2                        0x080007a5   Thumb Code     0  init.o(.text)
    __aeabi_lasr                             0x080007c9   Thumb Code    36  llsshr.o(.text)
    _ll_sshift_r                             0x080007c9   Thumb Code     0  llsshr.o(.text)
    ADC_IRQHandler                           0x080007ed   Thumb Code     6  stm32f4xx_it.o(i.ADC_IRQHandler)
    BusFault_Handler                         0x0800091d   Thumb Code     2  stm32f4xx_it.o(i.BusFault_Handler)
    DMA2_Stream0_IRQHandler                  0x08000921   Thumb Code     6  stm32f4xx_it.o(i.DMA2_Stream0_IRQHandler)
    DebugMon_Handler                         0x080009a9   Thumb Code     2  stm32f4xx_it.o(i.DebugMon_Handler)
    DigitalToAnalogValue                     0x080009ad   Thumb Code    40  main.o(i.DigitalToAnalogValue)
    EXTI0_IRQHandler                         0x080009e5   Thumb Code    16  stm32f4xx_it.o(i.EXTI0_IRQHandler)
    FIR_C                                    0x080009f5   Thumb Code   102  main.o(i.FIR_C)
    HAL_ADCEx_InjectedConvCpltCallback       0x08000a69   Thumb Code     2  stm32f4xx_hal_adc_ex.o(i.HAL_ADCEx_InjectedConvCpltCallback)
    HAL_ADC_ConfigChannel                    0x08000a6d   Thumb Code   316  stm32f4xx_hal_adc.o(i.HAL_ADC_ConfigChannel)
    HAL_ADC_ConvCpltCallback                 0x08000bb9   Thumb Code    48  main.o(i.HAL_ADC_ConvCpltCallback)
    HAL_ADC_ErrorCallback                    0x08000bf1   Thumb Code     2  stm32f4xx_hal_adc.o(i.HAL_ADC_ErrorCallback)
    HAL_ADC_IRQHandler                       0x08000bf3   Thumb Code   316  stm32f4xx_hal_adc.o(i.HAL_ADC_IRQHandler)
    HAL_ADC_Init                             0x08000d2f   Thumb Code    84  stm32f4xx_hal_adc.o(i.HAL_ADC_Init)
    HAL_ADC_LevelOutOfWindowCallback         0x08000d83   Thumb Code     2  stm32f4xx_hal_adc.o(i.HAL_ADC_LevelOutOfWindowCallback)
    HAL_ADC_MspInit                          0x08000d85   Thumb Code   124  stm32f4xx_hal_msp.o(i.HAL_ADC_MspInit)
    HAL_DAC_ConfigChannel                    0x08000e31   Thumb Code    66  stm32f4xx_hal_dac.o(i.HAL_DAC_ConfigChannel)
    HAL_DAC_Init                             0x08000e73   Thumb Code    40  stm32f4xx_hal_dac.o(i.HAL_DAC_Init)
    HAL_DAC_MspInit                          0x08000e9d   Thumb Code    54  stm32f4xx_hal_msp.o(i.HAL_DAC_MspInit)
    HAL_DAC_SetValue                         0x08000ee1   Thumb Code    26  stm32f4xx_hal_dac.o(i.HAL_DAC_SetValue)
    HAL_DAC_Start                            0x08000efb   Thumb Code   108  stm32f4xx_hal_dac.o(i.HAL_DAC_Start)
    HAL_DMA_IRQHandler                       0x08000f69   Thumb Code   412  stm32f4xx_hal_dma.o(i.HAL_DMA_IRQHandler)
    HAL_DMA_Init                             0x08001109   Thumb Code   206  stm32f4xx_hal_dma.o(i.HAL_DMA_Init)
    HAL_GPIO_EXTI_Callback                   0x080011dd   Thumb Code    14  main.o(i.HAL_GPIO_EXTI_Callback)
    HAL_GPIO_EXTI_IRQHandler                 0x08001201   Thumb Code    18  stm32f4xx_hal_gpio.o(i.HAL_GPIO_EXTI_IRQHandler)
    HAL_GPIO_Init                            0x08001219   Thumb Code   388  stm32f4xx_hal_gpio.o(i.HAL_GPIO_Init)
    HAL_GPIO_ReadPin                         0x080013c9   Thumb Code    10  stm32f4xx_hal_gpio.o(i.HAL_GPIO_ReadPin)
    HAL_GPIO_WritePin                        0x080013d3   Thumb Code    10  stm32f4xx_hal_gpio.o(i.HAL_GPIO_WritePin)
    HAL_GetTick                              0x080013dd   Thumb Code     6  stm32f4xx_hal.o(i.HAL_GetTick)
    HAL_IncTick                              0x080013e9   Thumb Code    12  stm32f4xx_hal.o(i.HAL_IncTick)
    HAL_Init                                 0x080013f9   Thumb Code    48  stm32f4xx_hal.o(i.HAL_Init)
    HAL_InitTick                             0x0800142d   Thumb Code    54  stm32f4xx_hal.o(i.HAL_InitTick)
    HAL_MspInit                              0x0800146d   Thumb Code    88  stm32f4xx_hal_msp.o(i.HAL_MspInit)
    HAL_NVIC_EnableIRQ                       0x080014c5   Thumb Code    22  stm32f4xx_hal_cortex.o(i.HAL_NVIC_EnableIRQ)
    HAL_NVIC_SetPriority                     0x080014dd   Thumb Code    60  stm32f4xx_hal_cortex.o(i.HAL_NVIC_SetPriority)
    HAL_NVIC_SetPriorityGrouping             0x0800151d   Thumb Code    26  stm32f4xx_hal_cortex.o(i.HAL_NVIC_SetPriorityGrouping)
    HAL_RCC_ClockConfig                      0x08001541   Thumb Code   286  stm32f4xx_hal_rcc.o(i.HAL_RCC_ClockConfig)
    HAL_RCC_GetHCLKFreq                      0x08001671   Thumb Code     6  stm32f4xx_hal_rcc.o(i.HAL_RCC_GetHCLKFreq)
    HAL_RCC_GetSysClockFreq                  0x0800167d   Thumb Code    88  stm32f4xx_hal_rcc.o(i.HAL_RCC_GetSysClockFreq)
    HAL_RCC_OscConfig                        0x080016dd   Thumb Code   770  stm32f4xx_hal_rcc.o(i.HAL_RCC_OscConfig)
    HAL_SYSTICK_CLKSourceConfig              0x080019f9   Thumb Code    24  stm32f4xx_hal_cortex.o(i.HAL_SYSTICK_CLKSourceConfig)
    HAL_SYSTICK_Callback                     0x08001a11   Thumb Code     2  stm32f4xx_hal_cortex.o(i.HAL_SYSTICK_Callback)
    HAL_SYSTICK_Config                       0x08001a13   Thumb Code    40  stm32f4xx_hal_cortex.o(i.HAL_SYSTICK_Config)
    HAL_SYSTICK_IRQHandler                   0x08001a3b   Thumb Code     8  stm32f4xx_hal_cortex.o(i.HAL_SYSTICK_IRQHandler)
    HAL_TIMEx_BreakCallback                  0x08001a43   Thumb Code     2  stm32f4xx_hal_tim_ex.o(i.HAL_TIMEx_BreakCallback)
    HAL_TIMEx_CommutationCallback            0x08001a45   Thumb Code     2  stm32f4xx_hal_tim_ex.o(i.HAL_TIMEx_CommutationCallback)
    HAL_TIMEx_MasterConfigSynchronization    0x08001a47   Thumb Code    80  stm32f4xx_hal_tim_ex.o(i.HAL_TIMEx_MasterConfigSynchronization)
    HAL_TIM_Base_Init                        0x08001a97   Thumb Code    54  stm32f4xx_hal_tim.o(i.HAL_TIM_Base_Init)
    HAL_TIM_Base_MspInit                     0x08001acd   Thumb Code    86  stm32f4xx_hal_msp.o(i.HAL_TIM_Base_MspInit)
    HAL_TIM_Base_Start                       0x08001b2d   Thumb Code    26  stm32f4xx_hal_tim.o(i.HAL_TIM_Base_Start)
    HAL_TIM_ConfigClockSource                0x08001b47   Thumb Code   242  stm32f4xx_hal_tim.o(i.HAL_TIM_ConfigClockSource)
    HAL_TIM_IC_CaptureCallback               0x08001c39   Thumb Code     2  stm32f4xx_hal_tim.o(i.HAL_TIM_IC_CaptureCallback)
    HAL_TIM_IRQHandler                       0x08001c3b   Thumb Code   358  stm32f4xx_hal_tim.o(i.HAL_TIM_IRQHandler)
    HAL_TIM_MspPostInit                      0x08001da1   Thumb Code    40  stm32f4xx_hal_msp.o(i.HAL_TIM_MspPostInit)
    HAL_TIM_OC_DelayElapsedCallback          0x08001dd1   Thumb Code     2  stm32f4xx_hal_tim.o(i.HAL_TIM_OC_DelayElapsedCallback)
    HAL_TIM_PWM_ConfigChannel                0x08001dd3   Thumb Code   208  stm32f4xx_hal_tim.o(i.HAL_TIM_PWM_ConfigChannel)
    HAL_TIM_PWM_Init                         0x08001ea3   Thumb Code    54  stm32f4xx_hal_tim.o(i.HAL_TIM_PWM_Init)
    HAL_TIM_PWM_MspInit                      0x08001ed9   Thumb Code     2  stm32f4xx_hal_tim.o(i.HAL_TIM_PWM_MspInit)
    HAL_TIM_PWM_PulseFinishedCallback        0x08001edd   Thumb Code     6  main.o(i.HAL_TIM_PWM_PulseFinishedCallback)
    HAL_TIM_PeriodElapsedCallback            0x08001f09   Thumb Code     6  main.o(i.HAL_TIM_PeriodElapsedCallback)
    HAL_TIM_TriggerCallback                  0x08001f31   Thumb Code     6  main.o(i.HAL_TIM_TriggerCallback)
    HardFault_Handler                        0x08001f4d   Thumb Code     2  stm32f4xx_it.o(i.HardFault_Handler)
    MemManage_Handler                        0x08002195   Thumb Code     2  stm32f4xx_it.o(i.MemManage_Handler)
    NMI_Handler                              0x08002197   Thumb Code     2  stm32f4xx_it.o(i.NMI_Handler)
    PendSV_Handler                           0x080021b9   Thumb Code     2  stm32f4xx_it.o(i.PendSV_Handler)
    SVC_Handler                              0x080021bb   Thumb Code     2  stm32f4xx_it.o(i.SVC_Handler)
    SysTick_Handler                          0x080021bd   Thumb Code    50  stm32f4xx_it.o(i.SysTick_Handler)
    SystemClock_Config                       0x080021f5   Thumb Code   152  main.o(i.SystemClock_Config)
    SystemInit                               0x08002295   Thumb Code    66  system_stm32f4xx.o(i.SystemInit)
    TIM2_IRQHandler                          0x080022e9   Thumb Code    18  stm32f4xx_it.o(i.TIM2_IRQHandler)
    TIM3_IRQHandler                          0x08002315   Thumb Code     6  stm32f4xx_it.o(i.TIM3_IRQHandler)
    TIM_Base_SetConfig                       0x08002321   Thumb Code   148  stm32f4xx_hal_tim.o(i.TIM_Base_SetConfig)
    TIM_OC2_SetConfig                        0x0800245d   Thumb Code    90  stm32f4xx_hal_tim.o(i.TIM_OC2_SetConfig)
    UsageFault_Handler                       0x080025b7   Thumb Code     2  stm32f4xx_it.o(i.UsageFault_Handler)
    _Error_Handler                           0x080025b9   Thumb Code     2  main.o(i._Error_Handler)
    __0printf                                0x080025bd   Thumb Code    22  printfa.o(i.__0printf)
    __1printf                                0x080025bd   Thumb Code     0  printfa.o(i.__0printf)
    __2printf                                0x080025bd   Thumb Code     0  printfa.o(i.__0printf)
    __c89printf                              0x080025bd   Thumb Code     0  printfa.o(i.__0printf)
    printf                                   0x080025bd   Thumb Code     0  printfa.o(i.__0printf)
    __scatterload_copy                       0x080025dd   Thumb Code    14  handlers.o(i.__scatterload_copy)
    __scatterload_null                       0x080025eb   Thumb Code     2  handlers.o(i.__scatterload_null)
    __scatterload_zeroinit                   0x080025ed   Thumb Code    14  handlers.o(i.__scatterload_zeroinit)
    adc_buffer_full_callback                 0x08002eb1   Thumb Code   386  main.o(i.adc_buffer_full_callback)
    button_pressed_callback                  0x08003085   Thumb Code   110  main.o(i.button_pressed_callback)
    check_for_digit_press                    0x080030fd   Thumb Code   194  stm32f4xx_it.o(i.check_for_digit_press)
    fputc                                    0x08003209   Thumb Code    36  fput_debug.o(i.fputc)
    get_segments_for_float                   0x08003231   Thumb Code    34  heads_up_display.o(i.get_segments_for_float)
    main                                     0x08003259   Thumb Code   160  main.o(i.main)
    new_keypad_value                         0x0800330d   Thumb Code   132  keypad.o(i.new_keypad_value)
    refresh_display                          0x080033ad   Thumb Code   148  stm32f4xx_it.o(i.refresh_display)
    split_three_digits                       0x08003451   Thumb Code    64  heads_up_display.o(i.split_three_digits)
    asm_math                                 0x08003495   Thumb Code     0  asm_math.o(text)
    digit_to_segments                        0x0800353c   Data          40  heads_up_display.o(.constdata)
    AHBPrescTable                            0x08003564   Data          16  system_stm32f4xx.o(.constdata)
    Region$$Table$$Base                      0x08003574   Number         0  anon$$obj.o(Region$$Table)
    Region$$Table$$Limit                     0x08003594   Number         0  anon$$obj.o(Region$$Table)
    uwTickFreq                               0x20000000   Data           1  stm32f4xx_hal.o(.data)
    uwTickPrio                               0x20000004   Data           4  stm32f4xx_hal.o(.data)
    uwTick                                   0x20000008   Data           4  stm32f4xx_hal.o(.data)
    display_mode                             0x20000044   Data           1  heads_up_display.o(.data)
    displayed_value                          0x20000048   Data           4  heads_up_display.o(.data)
    SystemCoreClock                          0x2000004c   Data           4  system_stm32f4xx.o(.data)
    __stdout                                 0x20000050   Data           4  stdout.o(.data)
    hadc1                                    0x20000068   Data          72  main.o(.bss)
    hdac                                     0x200000b0   Data          20  main.o(.bss)
    htim2                                    0x200000c4   Data          60  main.o(.bss)
    htim3                                    0x20000100   Data          60  main.o(.bss)
    filtered_ADCBuffer                       0x2000013c   Data         200  main.o(.bss)
    hdma_adc1                                0x20000320   Data          96  main.o(.bss)
    __initial_sp                             0x20000780   Data           0  startup_stm32f407xx.o(STACK)



==============================================================================

Memory Map of the image

  Image Entry point : 0x08000189

  Load Region LR_IROM1 (Base: 0x08000000, Size: 0x000035e8, Max: 0x00100000, ABSOLUTE)

    Execution Region ER_IROM1 (Exec base: 0x08000000, Load base: 0x08000000, Size: 0x00003594, Max: 0x00100000, ABSOLUTE)

    Exec Addr    Load Addr    Size         Type   Attr      Idx    E Section Name        Object

    0x08000000   0x08000000   0x00000188   Data   RO            3    RESET               startup_stm32f407xx.o
    0x08000188   0x08000188   0x00000000   Code   RO         2984  * .ARM.Collect$$$$00000000  mc_w.l(entry.o)
    0x08000188   0x08000188   0x00000004   Code   RO         3260    .ARM.Collect$$$$00000001  mc_w.l(entry2.o)
    0x0800018c   0x0800018c   0x00000004   Code   RO         3263    .ARM.Collect$$$$00000004  mc_w.l(entry5.o)
    0x08000190   0x08000190   0x00000000   Code   RO         3265    .ARM.Collect$$$$00000008  mc_w.l(entry7b.o)
    0x08000190   0x08000190   0x00000000   Code   RO         3267    .ARM.Collect$$$$0000000A  mc_w.l(entry8b.o)
    0x08000190   0x08000190   0x00000008   Code   RO         3268    .ARM.Collect$$$$0000000B  mc_w.l(entry9a.o)
    0x08000198   0x08000198   0x00000000   Code   RO         3270    .ARM.Collect$$$$0000000D  mc_w.l(entry10a.o)
    0x08000198   0x08000198   0x00000000   Code   RO         3272    .ARM.Collect$$$$0000000F  mc_w.l(entry11a.o)
    0x08000198   0x08000198   0x00000004   Code   RO         3261    .ARM.Collect$$$$00002712  mc_w.l(entry2.o)
    0x0800019c   0x0800019c   0x00000024   Code   RO            4    .text               startup_stm32f407xx.o
    0x080001c0   0x080001c0   0x00000062   Code   RO         2987    .text               mc_w.l(uldiv.o)
    0x08000222   0x08000222   0x000000e4   Code   RO         3250    .text               mf_w.l(dmul.o)
    0x08000306   0x08000306   0x000000de   Code   RO         3252    .text               mf_w.l(ddiv.o)
    0x080003e4   0x080003e4   0x00000022   Code   RO         3254    .text               mf_w.l(dflti.o)
    0x08000406   0x08000406   0x00000026   Code   RO         3256    .text               mf_w.l(f2d.o)
    0x0800042c   0x0800042c   0x00000038   Code   RO         3258    .text               mf_w.l(d2f.o)
    0x08000464   0x08000464   0x0000002c   Code   RO         3275    .text               mc_w.l(uidiv.o)
    0x08000490   0x08000490   0x0000001e   Code   RO         3277    .text               mc_w.l(llshl.o)
    0x080004ae   0x080004ae   0x00000020   Code   RO         3279    .text               mc_w.l(llushr.o)
    0x080004ce   0x080004ce   0x00000000   Code   RO         3281    .text               mc_w.l(iusefp.o)
    0x080004ce   0x080004ce   0x0000006e   Code   RO         3282    .text               mf_w.l(fepilogue.o)
    0x0800053c   0x0800053c   0x000000ba   Code   RO         3284    .text               mf_w.l(depilogue.o)
    0x080005f6   0x080005f6   0x0000014e   Code   RO         3286    .text               mf_w.l(dadd.o)
    0x08000744   0x08000744   0x00000030   Code   RO         3288    .text               mf_w.l(dfixul.o)
    0x08000774   0x08000774   0x00000030   Code   RO         3290    .text               mf_w.l(cdrcmple.o)
    0x080007a4   0x080007a4   0x00000024   Code   RO         3292    .text               mc_w.l(init.o)
    0x080007c8   0x080007c8   0x00000024   Code   RO         3294    .text               mc_w.l(llsshr.o)
    0x080007ec   0x080007ec   0x0000000c   Code   RO         2733    i.ADC_IRQHandler    stm32f4xx_it.o
    0x080007f8   0x080007f8   0x00000124   Code   RO         1718    i.ADC_Init          stm32f4xx_hal_adc.o
    0x0800091c   0x0800091c   0x00000002   Code   RO         2734    i.BusFault_Handler  stm32f4xx_it.o
    0x0800091e   0x0800091e   0x00000002   PAD
    0x08000920   0x08000920   0x0000000c   Code   RO         2735    i.DMA2_Stream0_IRQHandler  stm32f4xx_it.o
    0x0800092c   0x0800092c   0x00000028   Code   RO         2290    i.DMA_CalcBaseAndBitshift  stm32f4xx_hal_dma.o
    0x08000954   0x08000954   0x00000054   Code   RO         2291    i.DMA_CheckFifoParam  stm32f4xx_hal_dma.o
    0x080009a8   0x080009a8   0x00000002   Code   RO         2736    i.DebugMon_Handler  stm32f4xx_it.o
    0x080009aa   0x080009aa   0x00000002   PAD
    0x080009ac   0x080009ac   0x00000038   Code   RO         2531    i.DigitalToAnalogValue  main.o
    0x080009e4   0x080009e4   0x00000010   Code   RO         2737    i.EXTI0_IRQHandler  stm32f4xx_it.o
    0x080009f4   0x080009f4   0x00000074   Code   RO         2532    i.FIR_C             main.o
    0x08000a68   0x08000a68   0x00000002   Code   RO          240    i.HAL_ADCEx_InjectedConvCpltCallback  stm32f4xx_hal_adc_ex.o
    0x08000a6a   0x08000a6a   0x00000002   PAD
    0x08000a6c   0x08000a6c   0x0000014c   Code   RO         1720    i.HAL_ADC_ConfigChannel  stm32f4xx_hal_adc.o
    0x08000bb8   0x08000bb8   0x00000038   Code   RO         2533    i.HAL_ADC_ConvCpltCallback  main.o
    0x08000bf0   0x08000bf0   0x00000002   Code   RO         1724    i.HAL_ADC_ErrorCallback  stm32f4xx_hal_adc.o
    0x08000bf2   0x08000bf2   0x0000013c   Code   RO         1728    i.HAL_ADC_IRQHandler  stm32f4xx_hal_adc.o
    0x08000d2e   0x08000d2e   0x00000054   Code   RO         1729    i.HAL_ADC_Init      stm32f4xx_hal_adc.o
    0x08000d82   0x08000d82   0x00000002   Code   RO         1730    i.HAL_ADC_LevelOutOfWindowCallback  stm32f4xx_hal_adc.o
    0x08000d84   0x08000d84   0x000000ac   Code   RO         2667    i.HAL_ADC_MspInit   stm32f4xx_hal_msp.o
    0x08000e30   0x08000e30   0x00000042   Code   RO          344    i.HAL_DAC_ConfigChannel  stm32f4xx_hal_dac.o
    0x08000e72   0x08000e72   0x00000028   Code   RO          354    i.HAL_DAC_Init      stm32f4xx_hal_dac.o
    0x08000e9a   0x08000e9a   0x00000002   PAD
    0x08000e9c   0x08000e9c   0x00000044   Code   RO         2669    i.HAL_DAC_MspInit   stm32f4xx_hal_msp.o
    0x08000ee0   0x08000ee0   0x0000001a   Code   RO          357    i.HAL_DAC_SetValue  stm32f4xx_hal_dac.o
    0x08000efa   0x08000efa   0x0000006c   Code   RO          358    i.HAL_DAC_Start     stm32f4xx_hal_dac.o
    0x08000f66   0x08000f66   0x00000002   PAD
    0x08000f68   0x08000f68   0x000001a0   Code   RO         2298    i.HAL_DMA_IRQHandler  stm32f4xx_hal_dma.o
    0x08001108   0x08001108   0x000000d4   Code   RO         2299    i.HAL_DMA_Init      stm32f4xx_hal_dma.o
    0x080011dc   0x080011dc   0x00000024   Code   RO         2535    i.HAL_GPIO_EXTI_Callback  main.o
    0x08001200   0x08001200   0x00000018   Code   RO         1651    i.HAL_GPIO_EXTI_IRQHandler  stm32f4xx_hal_gpio.o
    0x08001218   0x08001218   0x000001b0   Code   RO         1652    i.HAL_GPIO_Init     stm32f4xx_hal_gpio.o
    0x080013c8   0x080013c8   0x0000000a   Code   RO         1654    i.HAL_GPIO_ReadPin  stm32f4xx_hal_gpio.o
    0x080013d2   0x080013d2   0x0000000a   Code   RO         1656    i.HAL_GPIO_WritePin  stm32f4xx_hal_gpio.o
    0x080013dc   0x080013dc   0x0000000c   Code   RO         1898    i.HAL_GetTick       stm32f4xx_hal.o
    0x080013e8   0x080013e8   0x00000010   Code   RO         1902    i.HAL_IncTick       stm32f4xx_hal.o
    0x080013f8   0x080013f8   0x00000034   Code   RO         1903    i.HAL_Init          stm32f4xx_hal.o
    0x0800142c   0x0800142c   0x00000040   Code   RO         1904    i.HAL_InitTick      stm32f4xx_hal.o
    0x0800146c   0x0800146c   0x00000058   Code   RO         2670    i.HAL_MspInit       stm32f4xx_hal_msp.o
    0x080014c4   0x080014c4   0x00000016   Code   RO         2401    i.HAL_NVIC_EnableIRQ  stm32f4xx_hal_cortex.o
    0x080014da   0x080014da   0x00000002   PAD
    0x080014dc   0x080014dc   0x00000040   Code   RO         2407    i.HAL_NVIC_SetPriority  stm32f4xx_hal_cortex.o
    0x0800151c   0x0800151c   0x00000024   Code   RO         2408    i.HAL_NVIC_SetPriorityGrouping  stm32f4xx_hal_cortex.o
    0x08001540   0x08001540   0x00000130   Code   RO           14    i.HAL_RCC_ClockConfig  stm32f4xx_hal_rcc.o
    0x08001670   0x08001670   0x0000000c   Code   RO           19    i.HAL_RCC_GetHCLKFreq  stm32f4xx_hal_rcc.o
    0x0800167c   0x0800167c   0x00000060   Code   RO           23    i.HAL_RCC_GetSysClockFreq  stm32f4xx_hal_rcc.o
    0x080016dc   0x080016dc   0x0000031c   Code   RO           26    i.HAL_RCC_OscConfig  stm32f4xx_hal_rcc.o
    0x080019f8   0x080019f8   0x00000018   Code   RO         2410    i.HAL_SYSTICK_CLKSourceConfig  stm32f4xx_hal_cortex.o
    0x08001a10   0x08001a10   0x00000002   Code   RO         2411    i.HAL_SYSTICK_Callback  stm32f4xx_hal_cortex.o
    0x08001a12   0x08001a12   0x00000028   Code   RO         2412    i.HAL_SYSTICK_Config  stm32f4xx_hal_cortex.o
    0x08001a3a   0x08001a3a   0x00000008   Code   RO         2413    i.HAL_SYSTICK_IRQHandler  stm32f4xx_hal_cortex.o
    0x08001a42   0x08001a42   0x00000002   Code   RO          482    i.HAL_TIMEx_BreakCallback  stm32f4xx_hal_tim_ex.o
    0x08001a44   0x08001a44   0x00000002   Code   RO          483    i.HAL_TIMEx_CommutationCallback  stm32f4xx_hal_tim_ex.o
    0x08001a46   0x08001a46   0x00000050   Code   RO          499    i.HAL_TIMEx_MasterConfigSynchronization  stm32f4xx_hal_tim_ex.o
    0x08001a96   0x08001a96   0x00000036   Code   RO          966    i.HAL_TIM_Base_Init  stm32f4xx_hal_tim.o
    0x08001acc   0x08001acc   0x00000060   Code   RO         2672    i.HAL_TIM_Base_MspInit  stm32f4xx_hal_msp.o
    0x08001b2c   0x08001b2c   0x0000001a   Code   RO          969    i.HAL_TIM_Base_Start  stm32f4xx_hal_tim.o
    0x08001b46   0x08001b46   0x000000f2   Code   RO          975    i.HAL_TIM_ConfigClockSource  stm32f4xx_hal_tim.o
    0x08001c38   0x08001c38   0x00000002   Code   RO          995    i.HAL_TIM_IC_CaptureCallback  stm32f4xx_hal_tim.o
    0x08001c3a   0x08001c3a   0x00000166   Code   RO         1008    i.HAL_TIM_IRQHandler  stm32f4xx_hal_tim.o
    0x08001da0   0x08001da0   0x00000030   Code   RO         2673    i.HAL_TIM_MspPostInit  stm32f4xx_hal_msp.o
    0x08001dd0   0x08001dd0   0x00000002   Code   RO         1011    i.HAL_TIM_OC_DelayElapsedCallback  stm32f4xx_hal_tim.o
    0x08001dd2   0x08001dd2   0x000000d0   Code   RO         1032    i.HAL_TIM_PWM_ConfigChannel  stm32f4xx_hal_tim.o
    0x08001ea2   0x08001ea2   0x00000036   Code   RO         1035    i.HAL_TIM_PWM_Init  stm32f4xx_hal_tim.o
    0x08001ed8   0x08001ed8   0x00000002   Code   RO         1037    i.HAL_TIM_PWM_MspInit  stm32f4xx_hal_tim.o
    0x08001eda   0x08001eda   0x00000002   PAD
    0x08001edc   0x08001edc   0x0000002c   Code   RO         2536    i.HAL_TIM_PWM_PulseFinishedCallback  main.o
    0x08001f08   0x08001f08   0x00000028   Code   RO         2537    i.HAL_TIM_PeriodElapsedCallback  main.o
    0x08001f30   0x08001f30   0x0000001c   Code   RO         2538    i.HAL_TIM_TriggerCallback  main.o
    0x08001f4c   0x08001f4c   0x00000002   Code   RO         2738    i.HardFault_Handler  stm32f4xx_it.o
    0x08001f4e   0x08001f4e   0x00000002   PAD
    0x08001f50   0x08001f50   0x00000058   Code   RO         2539    i.MX_ADC1_Init      main.o
    0x08001fa8   0x08001fa8   0x00000124   Code   RO         2540    i.MX_GPIO_Init      main.o
    0x080020cc   0x080020cc   0x00000054   Code   RO         2541    i.MX_TIM2_Init      main.o
    0x08002120   0x08002120   0x00000074   Code   RO         2542    i.MX_TIM3_Init      main.o
    0x08002194   0x08002194   0x00000002   Code   RO         2739    i.MemManage_Handler  stm32f4xx_it.o
    0x08002196   0x08002196   0x00000002   Code   RO         2740    i.NMI_Handler       stm32f4xx_it.o
    0x08002198   0x08002198   0x00000020   Code   RO         2414    i.NVIC_SetPriority  stm32f4xx_hal_cortex.o
    0x080021b8   0x080021b8   0x00000002   Code   RO         2741    i.PendSV_Handler    stm32f4xx_it.o
    0x080021ba   0x080021ba   0x00000002   Code   RO         2742    i.SVC_Handler       stm32f4xx_it.o
    0x080021bc   0x080021bc   0x00000038   Code   RO         2743    i.SysTick_Handler   stm32f4xx_it.o
    0x080021f4   0x080021f4   0x000000a0   Code   RO         2543    i.SystemClock_Config  main.o
    0x08002294   0x08002294   0x00000054   Code   RO         2950    i.SystemInit        system_stm32f4xx.o
    0x080022e8   0x080022e8   0x0000002c   Code   RO         2744    i.TIM2_IRQHandler   stm32f4xx_it.o
    0x08002314   0x08002314   0x0000000c   Code   RO         2745    i.TIM3_IRQHandler   stm32f4xx_it.o
    0x08002320   0x08002320   0x000000c0   Code   RO         1050    i.TIM_Base_SetConfig  stm32f4xx_hal_tim.o
    0x080023e0   0x080023e0   0x00000014   Code   RO         1057    i.TIM_ETR_SetConfig  stm32f4xx_hal_tim.o
    0x080023f4   0x080023f4   0x00000010   Code   RO         1058    i.TIM_ITRx_SetConfig  stm32f4xx_hal_tim.o
    0x08002404   0x08002404   0x00000058   Code   RO         1059    i.TIM_OC1_SetConfig  stm32f4xx_hal_tim.o
    0x0800245c   0x0800245c   0x00000064   Code   RO         1060    i.TIM_OC2_SetConfig  stm32f4xx_hal_tim.o
    0x080024c0   0x080024c0   0x00000060   Code   RO         1061    i.TIM_OC3_SetConfig  stm32f4xx_hal_tim.o
    0x08002520   0x08002520   0x00000050   Code   RO         1062    i.TIM_OC4_SetConfig  stm32f4xx_hal_tim.o
    0x08002570   0x08002570   0x00000022   Code   RO         1064    i.TIM_TI1_ConfigInputStage  stm32f4xx_hal_tim.o
    0x08002592   0x08002592   0x00000024   Code   RO         1066    i.TIM_TI2_ConfigInputStage  stm32f4xx_hal_tim.o
    0x080025b6   0x080025b6   0x00000002   Code   RO         2746    i.UsageFault_Handler  stm32f4xx_it.o
    0x080025b8   0x080025b8   0x00000002   Code   RO         2545    i._Error_Handler    main.o
    0x080025ba   0x080025ba   0x00000002   PAD
    0x080025bc   0x080025bc   0x00000020   Code   RO         3222    i.__0printf         mc_w.l(printfa.o)
    0x080025dc   0x080025dc   0x0000000e   Code   RO         3298    i.__scatterload_copy  mc_w.l(handlers.o)
    0x080025ea   0x080025ea   0x00000002   Code   RO         3299    i.__scatterload_null  mc_w.l(handlers.o)
    0x080025ec   0x080025ec   0x0000000e   Code   RO         3300    i.__scatterload_zeroinit  mc_w.l(handlers.o)
    0x080025fa   0x080025fa   0x00000002   PAD
    0x080025fc   0x080025fc   0x00000184   Code   RO         3229    i._fp_digits        mc_w.l(printfa.o)
    0x08002780   0x08002780   0x000006dc   Code   RO         3230    i._printf_core      mc_w.l(printfa.o)
    0x08002e5c   0x08002e5c   0x00000024   Code   RO         3231    i._printf_post_padding  mc_w.l(printfa.o)
    0x08002e80   0x08002e80   0x0000002e   Code   RO         3232    i._printf_pre_padding  mc_w.l(printfa.o)
    0x08002eae   0x08002eae   0x00000002   PAD
    0x08002eb0   0x08002eb0   0x000001d4   Code   RO         2546    i.adc_buffer_full_callback  main.o
    0x08003084   0x08003084   0x00000078   Code   RO         2547    i.button_pressed_callback  main.o
    0x080030fc   0x080030fc   0x0000010c   Code   RO         2747    i.check_for_digit_press  stm32f4xx_it.o
    0x08003208   0x08003208   0x00000028   Code   RO         2921    i.fputc             fput_debug.o
    0x08003230   0x08003230   0x00000028   Code   RO         2885    i.get_segments_for_float  heads_up_display.o
    0x08003258   0x08003258   0x000000b4   Code   RO         2548    i.main              main.o
    0x0800330c   0x0800330c   0x000000a0   Code   RO         2857    i.new_keypad_value  keypad.o
    0x080033ac   0x080033ac   0x000000a4   Code   RO         2748    i.refresh_display   stm32f4xx_it.o
    0x08003450   0x08003450   0x00000044   Code   RO         2886    i.split_three_digits  heads_up_display.o
    0x08003494   0x08003494   0x00000078   Code   RO         2915    text                asm_math.o
    0x0800350c   0x0800350c   0x00000008   Data   RO         2305    .constdata          stm32f4xx_hal_dma.o
    0x08003514   0x08003514   0x00000028   Data   RO         2749    .constdata          stm32f4xx_it.o
    0x0800353c   0x0800353c   0x00000028   Data   RO         2887    .constdata          heads_up_display.o
    0x08003564   0x08003564   0x00000010   Data   RO         2951    .constdata          system_stm32f4xx.o
    0x08003574   0x08003574   0x00000020   Data   RO         3296    Region$$Table       anon$$obj.o


    Execution Region RW_IRAM1 (Exec base: 0x20000000, Load base: 0x08003594, Size: 0x00000780, Max: 0x00020000, ABSOLUTE)

    Exec Addr    Load Addr    Size         Type   Attr      Idx    E Section Name        Object

    0x20000000   0x08003594   0x0000000c   Data   RW         1910    .data               stm32f4xx_hal.o
    0x2000000c   0x080035a0   0x00000024   Data   RW         2552    .data               main.o
    0x20000030   0x080035c4   0x0000000c   Data   RW         2750    .data               stm32f4xx_it.o
    0x2000003c   0x080035d0   0x00000008   Data   RW         2858    .data               keypad.o
    0x20000044   0x080035d8   0x00000001   Data   RW         2888    .data               heads_up_display.o
    0x20000045   0x080035d9   0x00000003   PAD
    0x20000048   0x080035dc   0x00000004   Data   RW         2889    .data               heads_up_display.o
    0x2000004c   0x080035e0   0x00000004   Data   RW         2953    .data               system_stm32f4xx.o
    0x20000050   0x080035e4   0x00000004   Data   RW         3274    .data               mc_w.l(stdout.o)
    0x20000054        -       0x000002cc   Zero   RW         2549    .bss                main.o
    0x20000320        -       0x00000060   Zero   RW         2550    .bss                main.o
    0x20000380        -       0x00000400   Zero   RW            1    STACK               startup_stm32f407xx.o


==============================================================================

Image component sizes


      Code (inc. data)   RO Data    RW Data    ZI Data      Debug   Object Name

       120          6          0          0          0        256   asm_math.o
        40          4          0          0          0      27291   fput_debug.o
       108         10         40          5          0       1999   heads_up_display.o
       160         52          0          8          0        847   keypad.o
      1886        324          0         36        812      11773   main.o
        36          8        392          0       1024        832   startup_stm32f407xx.o
       144         24          0         12          0       3925   stm32f4xx_hal.o
      1028         28          0          0          0       4855   stm32f4xx_hal_adc.o
         2          0          0          0          0        977   stm32f4xx_hal_adc_ex.o
       228         14          0          0          0      32125   stm32f4xx_hal_cortex.o
       240          0          0          0          0       3482   stm32f4xx_hal_dac.o
       752         16          8          0          0       4072   stm32f4xx_hal_dma.o
       476         50          0          0          0       3702   stm32f4xx_hal_gpio.o
       472         80          0          0          0       3555   stm32f4xx_hal_msp.o
      1208         58          0          0          0     699366   stm32f4xx_hal_rcc.o
      1610         80          0          0          0      13835   stm32f4xx_hal_tim.o
        84          0          0          0          0       2406   stm32f4xx_hal_tim_ex.o
       600        140         40         12          0       8836   stm32f4xx_it.o
        84         18         16          4          0       1147   system_stm32f4xx.o

    ----------------------------------------------------------------------
      9296        912        528         80       1836     825281   Object Totals
         0          0         32          0          0          0   (incl. Generated)
        18          0          0          3          0          0   (incl. Padding)

    ----------------------------------------------------------------------

      Code (inc. data)   RO Data    RW Data    ZI Data      Debug   Library Member Name

         0          0          0          0          0          0   entry.o
         0          0          0          0          0          0   entry10a.o
         0          0          0          0          0          0   entry11a.o
         8          4          0          0          0          0   entry2.o
         4          0          0          0          0          0   entry5.o
         0          0          0          0          0          0   entry7b.o
         0          0          0          0          0          0   entry8b.o
         8          4          0          0          0          0   entry9a.o
        30          0          0          0          0          0   handlers.o
        36          8          0          0          0         68   init.o
         0          0          0          0          0          0   iusefp.o
        30          0          0          0          0         68   llshl.o
        36          0          0          0          0         68   llsshr.o
        32          0          0          0          0         68   llushr.o
      2258         90          0          0          0        452   printfa.o
         0          0          0          4          0          0   stdout.o
        44          0          0          0          0         80   uidiv.o
        98          0          0          0          0         92   uldiv.o
        48          0          0          0          0         68   cdrcmple.o
        56          0          0          0          0         88   d2f.o
       334          0          0          0          0        148   dadd.o
       222          0          0          0          0        100   ddiv.o
       186          0          0          0          0        176   depilogue.o
        48          0          0          0          0         68   dfixul.o
        34          0          0          0          0         76   dflti.o
       228          0          0          0          0         96   dmul.o
        38          0          0          0          0         68   f2d.o
       110          0          0          0          0        168   fepilogue.o

    ----------------------------------------------------------------------
      3892        106          0          4          0       1952   Library Totals
         4          0          0          0          0          0   (incl. Padding)

    ----------------------------------------------------------------------

      Code (inc. data)   RO Data    RW Data    ZI Data      Debug   Library Name

      2584        106          0          4          0        896   mc_w.l
      1304          0          0          0          0       1056   mf_w.l

    ----------------------------------------------------------------------
      3892        106          0          4          0       1952   Library Totals

    ----------------------------------------------------------------------

==============================================================================


      Code (inc. data)   RO Data    RW Data    ZI Data      Debug   

     13188       1018        528         84       1836     817701   Grand Totals
     13188       1018        528         84       1836     817701   ELF Image Totals
     13188       1018        528         84          0          0   ROM Totals

==============================================================================

    Total RO  Size (Code + RO Data)                13716 (  13.39kB)
    Total RW  Size (RW Data + ZI Data)              1920 (   1.88kB)
    Total ROM Size (Code + RO Data + RW Data)      13800 (  13.48kB)

==============================================================================

